Component: ARM Compiler 5.06 update 7 (build 960) Tool: armlink [4d3601]

==============================================================================

Section Cross References

    startup_stm32l496xx.o(STACK) refers (Special) to heapauxi.o(.text) for __use_two_region_memory
    startup_stm32l496xx.o(HEAP) refers (Special) to heapauxi.o(.text) for __use_two_region_memory
    startup_stm32l496xx.o(RESET) refers (Special) to heapauxi.o(.text) for __use_two_region_memory
    startup_stm32l496xx.o(RESET) refers to startup_stm32l496xx.o(STACK) for __initial_sp
    startup_stm32l496xx.o(RESET) refers to startup_stm32l496xx.o(.text) for Reset_Handler
    startup_stm32l496xx.o(RESET) refers to stm32l4xx_it.o(i.NMI_Handler) for NMI_Handler
    startup_stm32l496xx.o(RESET) refers to stm32l4xx_it.o(i.HardFault_Handler) for HardFault_Handler
    startup_stm32l496xx.o(RESET) refers to stm32l4xx_it.o(i.MemManage_Handler) for MemManage_Handler
    startup_stm32l496xx.o(RESET) refers to stm32l4xx_it.o(i.BusFault_Handler) for BusFault_Handler
    startup_stm32l496xx.o(RESET) refers to stm32l4xx_it.o(i.UsageFault_Handler) for UsageFault_Handler
    startup_stm32l496xx.o(RESET) refers to stm32l4xx_it.o(i.SVC_Handler) for SVC_Handler
    startup_stm32l496xx.o(RESET) refers to stm32l4xx_it.o(i.DebugMon_Handler) for DebugMon_Handler
    startup_stm32l496xx.o(RESET) refers to stm32l4xx_it.o(i.PendSV_Handler) for PendSV_Handler
    startup_stm32l496xx.o(RESET) refers to stm32l4xx_it.o(i.SysTick_Handler) for SysTick_Handler
    startup_stm32l496xx.o(.text) refers (Special) to heapauxi.o(.text) for __use_two_region_memory
    startup_stm32l496xx.o(.text) refers to system_stm32l4xx.o(i.SystemInit) for SystemInit
    startup_stm32l496xx.o(.text) refers to __main.o(!!!main) for __main
    startup_stm32l496xx.o(.text) refers to startup_stm32l496xx.o(HEAP) for Heap_Mem
    startup_stm32l496xx.o(.text) refers to startup_stm32l496xx.o(STACK) for Stack_Mem
    main.o(i.MX_GPIO_Init) refers to rt_memclr_w.o(.text) for __aeabi_memclr4
    main.o(i.MX_GPIO_Init) refers to stm32l4xx_hal_pwr_ex.o(i.HAL_PWREx_EnableVddIO2) for HAL_PWREx_EnableVddIO2
    main.o(i.MX_GPIO_Init) refers to stm32l4xx_hal_gpio.o(i.HAL_GPIO_WritePin) for HAL_GPIO_WritePin
    main.o(i.MX_GPIO_Init) refers to stm32l4xx_hal_gpio.o(i.HAL_GPIO_Init) for HAL_GPIO_Init
    main.o(i.MX_USART3_UART_Init) refers to stm32l4xx_hal_uart.o(i.HAL_UART_Init) for HAL_UART_Init
    main.o(i.MX_USART3_UART_Init) refers to main.o(.bss) for .bss
    main.o(i.SystemClock_Config) refers to rt_memclr_w.o(.text) for __aeabi_memclr4
    main.o(i.SystemClock_Config) refers to stm32l4xx_hal_pwr_ex.o(i.HAL_PWREx_ControlVoltageScaling) for HAL_PWREx_ControlVoltageScaling
    main.o(i.SystemClock_Config) refers to stm32l4xx_hal_rcc.o(i.HAL_RCC_OscConfig) for HAL_RCC_OscConfig
    main.o(i.SystemClock_Config) refers to stm32l4xx_hal_rcc.o(i.HAL_RCC_ClockConfig) for HAL_RCC_ClockConfig
    main.o(i.main) refers to stm32l4xx_hal.o(i.HAL_Init) for HAL_Init
    main.o(i.main) refers to main.o(i.SystemClock_Config) for SystemClock_Config
    main.o(i.main) refers to main.o(i.MX_GPIO_Init) for MX_GPIO_Init
    main.o(i.main) refers to stm32l4xx_hal_uart.o(i.HAL_UART_Init) for HAL_UART_Init
    main.o(i.main) refers to main.o(i.MX_USART3_UART_Init) for MX_USART3_UART_Init
    main.o(i.main) refers to stm32l4xx_hal_uart.o(i.HAL_UART_Transmit) for HAL_UART_Transmit
    main.o(i.main) refers to stm32l4xx_hal.o(i.HAL_GetTick) for HAL_GetTick
    main.o(i.main) refers to main.o(i.printmsg) for printmsg
    main.o(i.main) refers to main.o(.bss) for .bss
    main.o(i.main) refers to main.o(.data) for .data
    main.o(i.printmsg) refers to vsprintf.o(.text) for vsprintf
    main.o(i.printmsg) refers to strlen.o(.text) for strlen
    main.o(i.printmsg) refers to stm32l4xx_hal_uart.o(i.HAL_UART_Transmit) for HAL_UART_Transmit
    main.o(i.printmsg) refers to main.o(.bss) for .bss
    stm32l4xx_it.o(i.SysTick_Handler) refers to stm32l4xx_hal.o(i.HAL_IncTick) for HAL_IncTick
    stm32l4xx_hal_msp.o(i.HAL_UART_MspDeInit) refers to stm32l4xx_hal_gpio.o(i.HAL_GPIO_DeInit) for HAL_GPIO_DeInit
    stm32l4xx_hal_msp.o(i.HAL_UART_MspInit) refers to rt_memclr_w.o(.text) for __aeabi_memclr4
    stm32l4xx_hal_msp.o(i.HAL_UART_MspInit) refers to stm32l4xx_hal_rcc_ex.o(i.HAL_RCCEx_PeriphCLKConfig) for HAL_RCCEx_PeriphCLKConfig
    stm32l4xx_hal_msp.o(i.HAL_UART_MspInit) refers to main.o(i.Error_Handler) for Error_Handler
    stm32l4xx_hal_msp.o(i.HAL_UART_MspInit) refers to stm32l4xx_hal_pwr_ex.o(i.HAL_PWREx_EnableVddIO2) for HAL_PWREx_EnableVddIO2
    stm32l4xx_hal_msp.o(i.HAL_UART_MspInit) refers to stm32l4xx_hal_gpio.o(i.HAL_GPIO_Init) for HAL_GPIO_Init
    stm32l4xx_hal_uart.o(i.HAL_HalfDuplex_Init) refers to stm32l4xx_hal_msp.o(i.HAL_UART_MspInit) for HAL_UART_MspInit
[...]
    startup_stm32l496xx.s                    0x00000000   Number         0  startup_stm32l496xx.o ABSOLUTE
    RESET                                    0x08000000   Section      428  startup_stm32l496xx.o(RESET)
    !!!main                                  0x080001ac   Section        8  __main.o(!!!main)
    !!!scatter                               0x080001b4   Section       52  __scatter.o(!!!scatter)
    !!handler_copy                           0x080001e8   Section       26  __scatter_copy.o(!!handler_copy)
    !!handler_zi                             0x08000204   Section       28  __scatter_zi.o(!!handler_zi)
    .ARM.Collect$$_printf_percent$$00000000  0x08000220   Section        0  _printf_percent.o(.ARM.Collect$$_printf_percent$$00000000)
    .ARM.Collect$$_printf_percent$$00000001  0x08000220   Section        6  _printf_n.o(.ARM.Collect$$_printf_percent$$00000001)
    .ARM.Collect$$_printf_percent$$00000002  0x08000226   Section        6  _printf_p.o(.ARM.Collect$$_printf_percent$$00000002)
    .ARM.Collect$$_printf_percent$$00000003  0x0800022c   Section        6  _printf_f.o(.ARM.Collect$$_printf_percent$$00000003)
    .ARM.Collect$$_printf_percent$$00000004  0x08000232   Section        6  _printf_e.o(.ARM.Collect$$_printf_percent$$00000004)
    .ARM.Collect$$_printf_percent$$00000005  0x08000238   Section        6  _printf_g.o(.ARM.Collect$$_printf_percent$$00000005)
    .ARM.Collect$$_printf_percent$$00000006  0x0800023e   Section        6  _printf_a.o(.ARM.Collect$$_printf_percent$$00000006)
    .ARM.Collect$$_printf_percent$$00000007  0x08000244   Section       10  _printf_ll.o(.ARM.Collect$$_printf_percent$$00000007)
    .ARM.Collect$$_printf_percent$$00000008  0x0800024e   Section        6  _printf_i.o(.ARM.Collect$$_printf_percent$$00000008)
    .ARM.Collect$$_printf_percent$$00000009  0x08000254   Section        6  _printf_d.o(.ARM.Collect$$_printf_percent$$00000009)
    .ARM.Collect$$_printf_percent$$0000000A  0x0800025a   Section        6  _printf_u.o(.ARM.Collect$$_printf_percent$$0000000A)
    .ARM.Collect$$_printf_percent$$0000000B  0x08000260   Section        6  _printf_o.o(.ARM.Collect$$_printf_percent$$0000000B)
    .ARM.Collect$$_printf_percent$$0000000C  0x08000266   Section        6  _printf_x.o(.ARM.Collect$$_printf_percent$$0000000C)
    .ARM.Collect$$_printf_percent$$0000000D  0x0800026c   Section        6  _printf_lli.o(.ARM.Collect$$_printf_percent$$0000000D)
    .ARM.Collect$$_printf_percent$$0000000E  0x08000272   Section        6  _printf_lld.o(.ARM.Collect$$_printf_percent$$0000000E)
    .ARM.Collect$$_printf_percent$$0000000F  0x08000278   Section        6  _printf_llu.o(.ARM.Collect$$_printf_percent$$0000000F)
    .ARM.Collect$$_printf_percent$$00000010  0x0800027e   Section        6  _printf_llo.o(.ARM.Collect$$_printf_percent$$00000010)
    .ARM.Collect$$_printf_percent$$00000011  0x08000284   Section        6  _printf_llx.o(.ARM.Collect$$_printf_percent$$00000011)
    .ARM.Collect$$_printf_percent$$00000012  0x0800028a   Section       10  _printf_l.o(.ARM.Collect$$_printf_percent$$00000012)
    .ARM.Collect$$_printf_percent$$00000013  0x08000294   Section        6  _printf_c.o(.ARM.Collect$$_printf_percent$$00000013)
    .ARM.Collect$$_printf_percent$$00000014  0x0800029a   Section        6  _printf_s.o(.ARM.Collect$$_printf_percent$$00000014)
    .ARM.Collect$$_printf_percent$$00000015  0x080002a0   Section        6  _printf_lc.o(.ARM.Collect$$_printf_percent$$00000015)
    .ARM.Collect$$_printf_percent$$00000016  0x080002a6   Section        6  _printf_ls.o(.ARM.Collect$$_printf_percent$$00000016)
    .ARM.Collect$$_printf_percent$$00000017  0x080002ac   Section        4  _printf_percent_end.o(.ARM.Collect$$_printf_percent$$00000017)
    .ARM.Collect$$libinit$$00000000          0x080002b0   Section        2  libinit.o(.ARM.Collect$$libinit$$00000000)
    .ARM.Collect$$libinit$$00000001          0x080002b2   Section        4  libinit2.o(.ARM.Collect$$libinit$$00000001)
    .ARM.Collect$$libinit$$00000004          0x080002b6   Section        0  libinit2.o(.ARM.Collect$$libinit$$00000004)
    .ARM.Collect$$libinit$$0000000A          0x080002b6   Section        0  libinit2.o(.ARM.Collect$$libinit$$0000000A)
    .ARM.Collect$$libinit$$0000000C          0x080002b6   Section        0  libinit2.o(.ARM.Collect$$libinit$$0000000C)
    .ARM.Collect$$libinit$$0000000E          0x080002b6   Section        0  libinit2.o(.ARM.Collect$$libinit$$0000000E)
    .ARM.Collect$$libinit$$0000000F          0x080002b6   Section        6  libinit2.o(.ARM.Collect$$libinit$$0000000F)
    .ARM.Collect$$libinit$$00000011          0x080002bc   Section        0  libinit2.o(.ARM.Collect$$libinit$$00000011)
    .ARM.Collect$$libinit$$00000012          0x080002bc   Section       12  libinit2.o(.ARM.Collect$$libinit$$00000012)
    .ARM.Collect$$libinit$$00000013          0x080002c8   Section        0  libinit2.o(.ARM.Collect$$libinit$$00000013)
    .ARM.Collect$$libinit$$00000015          0x080002c8   Section        0  libinit2.o(.ARM.Collect$$libinit$$00000015)
    .ARM.Collect$$libinit$$00000016          0x080002c8   Section       10  libinit2.o(.ARM.Collect$$libinit$$00000016)
    .ARM.Collect$$libinit$$00000017          0x080002d2   Section        0  libinit2.o(.ARM.Collect$$libinit$$00000017)
    .ARM.Collect$$libinit$$00000019          0x080002d2   Section        0  libinit2.o(.ARM.Collect$$libinit$$00000019)
    .ARM.Collect$$libinit$$0000001B          0x080002d2   Section        0  libinit2.o(.ARM.Collect$$libinit$$0000001B)
    .ARM.Collect$$libinit$$0000001D          0x080002d2   Section        0  libinit2.o(.ARM.Collect$$libinit$$0000001D)
    .ARM.Collect$$libinit$$0000001F          0x080002d2   Section        0  libinit2.o(.ARM.Collect$$libinit$$0000001F)
    .ARM.Collect$$libinit$$00000021          0x080002d2   Section        0  libinit2.o(.ARM.Collect$$libinit$$00000021)
    .ARM.Collect$$libinit$$00000023          0x080002d2   Section        0  libinit2.o(.ARM.Collect$$libinit$$00000023)
    .ARM.Collect$$libinit$$00000025          0x080002d2   Section        0  libinit2.o(.ARM.Collect$$libinit$$00000025)
    .ARM.Collect$$libinit$$0000002C          0x080002d2   Section        0  libinit2.o(.ARM.Collect$$libinit$$0000002C)
    .ARM.Collect$$libinit$$0000002E          0x080002d2   Section        0  libinit2.o(.ARM.Collect$$libinit$$0000002E)
    .ARM.Collect$$libinit$$00000030          0x080002d2   Section        0  libinit2.o(.ARM.Collect$$libinit$$00000030)
    .ARM.Collect$$libinit$$00000032          0x080002d2   Section        0  libinit2.o(.ARM.Collect$$libinit$$00000032)
    .ARM.Collect$$libinit$$00000033          0x080002d2   Section        2  libinit2.o(.ARM.Collect$$libinit$$00000033)
    .ARM.Collect$$libshutdown$$00000000      0x080002d4   Section        2  libshutdown.o(.ARM.Collect$$libshutdown$$00000000)
    .ARM.Collect$$libshutdown$$00000002      0x080002d6   Section        0  libshutdown2.o(.ARM.Collect$$libshutdown$$00000002)
    .ARM.Collect$$libshutdown$$00000004      0x080002d6   Section        0  libshutdown2.o(.ARM.Collect$$libshutdown$$00000004)
    .ARM.Collect$$libshutdown$$00000006      0x080002d6   Section        0  libshutdown2.o(.ARM.Collect$$libshutdown$$00000006)
    .ARM.Collect$$libshutdown$$00000009      0x080002d6   Section        0  libshutdown2.o(.ARM.Collect$$libshutdown$$00000009)
    .ARM.Collect$$libshutdown$$0000000C      0x080002d6   Section        0  libshutdown2.o(.ARM.Collect$$libshutdown$$0000000C)
    .ARM.Collect$$libshutdown$$0000000E      0x080002d6   Section        0  libshutdown2.o(.ARM.Collect$$libshutdown$$0000000E)
    .ARM.Collect$$libshutdown$$00000011      0x080002d6   Section        0  libshutdown2.o(.ARM.Collect$$libshutdown$$00000011)
    .ARM.Collect$$libshutdown$$00000012      0x080002d6   Section        2  libshutdown2.o(.ARM.Collect$$libshutdown$$00000012)
    .ARM.Collect$$rtentry$$00000000          0x080002d8   Section        0  __rtentry.o(.ARM.Collect$$rtentry$$00000000)
    .ARM.Collect$$rtentry$$00000002          0x080002d8   Section        0  __rtentry2.o(.ARM.Collect$$rtentry$$00000002)
    .ARM.Collect$$rtentry$$00000004          0x080002d8   Section        6  __rtentry4.o(.ARM.Collect$$rtentry$$00000004)
    .ARM.Collect$$rtentry$$00000009          0x080002de   Section        0  __rtentry2.o(.ARM.Collect$$rtentry$$00000009)
    .ARM.Collect$$rtentry$$0000000A          0x080002de   Section        4  __rtentry2.o(.ARM.Collect$$rtentry$$0000000A)
    .ARM.Collect$$rtentry$$0000000C          0x080002e2   Section        0  __rtentry2.o(.ARM.Collect$$rtentry$$0000000C)
    .ARM.Collect$$rtentry$$0000000D          0x080002e2   Section        8  __rtentry2.o(.ARM.Collect$$rtentry$$0000000D)
    .ARM.Collect$$rtexit$$00000000           0x080002ea   Section        2  rtexit.o(.ARM.Collect$$rtexit$$00000000)
    .ARM.Collect$$rtexit$$00000002           0x080002ec   Section        0  rtexit2.o(.ARM.Collect$$rtexit$$00000002)
    .ARM.Collect$$rtexit$$00000003           0x080002ec   Section        4  rtexit2.o(.ARM.Collect$$rtexit$$00000003)
    .ARM.Collect$$rtexit$$00000004           0x080002f0   Section        6  rtexit2.o(.ARM.Collect$$rtexit$$00000004)
    .text                                    0x080002f8   Section       64  startup_stm32l496xx.o(.text)
    $v0                                      0x080002f8   Number         0  startup_stm32l496xx.o(.text)
    .text                                    0x08000338   Section      238  lludivv7m.o(.text)
    .text                                    0x08000428   Section        0  vsprintf.o(.text)
    .text                                    0x0800044c   Section        0  strlen.o(.text)
    .text                                    0x0800048a   Section       78  rt_memclr_w.o(.text)
    .text                                    0x080004d8   Section        0  heapauxi.o(.text)
    .text                                    0x080004de   Section        0  _printf_pad.o(.text)
    .text                                    0x0800052c   Section        0  _printf_truncate.o(.text)
    .text                                    0x08000550   Section        0  _printf_str.o(.text)
    .text                                    0x080005a4   Section        0  _printf_dec.o(.text)
    .text                                    0x0800061c   Section        0  _printf_charcount.o(.text)
    .text                                    0x08000644   Section        0  _printf_char_common.o(.text)
    _printf_input_char                       0x08000645   Thumb Code    10  _printf_char_common.o(.text)
    .text                                    0x08000674   Section        0  _sputc.o(.text)
    .text                                    0x08000680   Section        0  _printf_wctomb.o(.text)
    .text                                    0x08000744   Section        0  _printf_longlong_dec.o(.text)
    .text                                    0x080007c0   Section        0  _printf_oct_int_ll.o(.text)
    _printf_longlong_oct_internal            0x080007c1   Thumb Code     0  _printf_oct_int_ll.o(.text)
    .text                                    0x08000830   Section        0  _printf_hex_int_ll_ptr.o(.text)
    _printf_hex_common                       0x08000831   Thumb Code     0  _printf_hex_int_ll_ptr.o(.text)
    .text                                    0x080008c4   Section        0  __printf_flags_ss_wp.o(.text)
    .text                                    0x08000a52   Section      138  lludiv10.o(.text)
    .text                                    0x08000adc   Section        0  _printf_intcommon.o(.text)
    .text                                    0x08000b8e   Section        0  _printf_fp_dec.o(.text)
    _fp_digits                               0x08000b91   Thumb Code   432  _printf_fp_dec.o(.text)
    .text                                    0x08000fb4   Section        0  _printf_fp_hex.o(.text)
    .text                                    0x080012b6   Section        0  _printf_char.o(.text)
    .text                                    0x080012e2   Section        0  _printf_wchar.o(.text)
    .text                                    0x0800130e   Section        0  _wcrtomb.o(.text)
    .text                                    0x0800134e   Section       74  sys_stackheap_outer.o(.text)
    .text                                    0x08001398   Section       16  rt_ctype_table.o(.text)
    .text                                    0x080013a8   Section        8  rt_locale_intlibspace.o(.text)
    .text                                    0x080013b0   Section        0  _printf_fp_infnan.o(.text)
    .text                                    0x08001430   Section        0  bigflt0.o(.text)
    .text                                    0x08001514   Section        0  exit.o(.text)
    .text                                    0x08001528   Section        8  libspace.o(.text)
    .text                                    0x08001530   Section      128  strcmpv7m.o(.text)
    .text                                    0x080015b0   Section        0  sys_exit.o(.text)
    .text                                    0x080015bc   Section        2  use_no_semi.o(.text)
    .text                                    0x080015be   Section        0  indicate_semi.o(.text)
    CL$$btod_d2e                             0x080015be   Section       62  btod.o(CL$$btod_d2e)
    CL$$btod_d2e_denorm_low                  0x080015fc   Section       70  btod.o(CL$$btod_d2e_denorm_low)
    CL$$btod_d2e_norm_op1                    0x08001642   Section       96  btod.o(CL$$btod_d2e_norm_op1)
    CL$$btod_div_common                      0x080016a2   Section      824  btod.o(CL$$btod_div_common)
    CL$$btod_e2e                             0x080019da   Section      220  btod.o(CL$$btod_e2e)
    CL$$btod_ediv                            0x08001ab6   Section       42  btod.o(CL$$btod_ediv)
    CL$$btod_emul                            0x08001ae0   Section       42  btod.o(CL$$btod_emul)
    CL$$btod_mult_common                     0x08001b0a   Section      580  btod.o(CL$$btod_mult_common)
    i.BusFault_Handler                       0x08001d4e   Section        0  stm32l4xx_it.o(i.BusFault_Handler)
    i.DebugMon_Handler                       0x08001d50   Section        0  stm32l4xx_it.o(i.DebugMon_Handler)
    i.Error_Handler                          0x08001d52   Section        0  main.o(i.Error_Handler)
    i.HAL_GPIO_Init                          0x08001d58   Section        0  stm32l4xx_hal_gpio.o(i.HAL_GPIO_Init)
    i.HAL_GPIO_WritePin                      0x08001fae   Section        0  stm32l4xx_hal_gpio.o(i.HAL_GPIO_WritePin)
    i.HAL_GetTick                            0x08001fb8   Section        0  stm32l4xx_hal.o(i.HAL_GetTick)
    i.HAL_IncTick                            0x08001fc4   Section        0  stm32l4xx_hal.o(i.HAL_IncTick)
    i.HAL_Init                               0x08001fd4   Section        0  stm32l4xx_hal.o(i.HAL_Init)
    i.HAL_InitTick                           0x08001ff4   Section        0  stm32l4xx_hal.o(i.HAL_InitTick)
    i.HAL_MspInit                            0x08002038   Section        0  stm32l4xx_hal_msp.o(i.HAL_MspInit)
    i.HAL_NVIC_SetPriority                   0x08002064   Section        0  stm32l4xx_hal_cortex.o(i.HAL_NVIC_SetPriority)
    i.HAL_NVIC_SetPriorityGrouping           0x080020a4   Section        0  stm32l4xx_hal_cortex.o(i.HAL_NVIC_SetPriorityGrouping)
    i.HAL_PWREx_ControlVoltageScaling        0x080020c8   Section        0  stm32l4xx_hal_pwr_ex.o(i.HAL_PWREx_ControlVoltageScaling)
    i.HAL_PWREx_EnableVddIO2                 0x08002130   Section        0  stm32l4xx_hal_pwr_ex.o(i.HAL_PWREx_EnableVddIO2)
    i.HAL_PWREx_GetVoltageRange              0x08002140   Section        0  stm32l4xx_hal_pwr_ex.o(i.HAL_PWREx_GetVoltageRange)
    i.HAL_RCCEx_PeriphCLKConfig              0x08002150   Section        0  stm32l4xx_hal_rcc_ex.o(i.HAL_RCCEx_PeriphCLKConfig)
    i.HAL_RCC_ClockConfig                    0x0800251c   Section        0  stm32l4xx_hal_rcc.o(i.HAL_RCC_ClockConfig)
    i.HAL_RCC_GetPCLK1Freq                   0x08002660   Section        0  stm32l4xx_hal_rcc.o(i.HAL_RCC_GetPCLK1Freq)
    i.HAL_RCC_GetPCLK2Freq                   0x08002684   Section        0  stm32l4xx_hal_rcc.o(i.HAL_RCC_GetPCLK2Freq)
    i.HAL_RCC_GetSysClockFreq                0x080026a8   Section        0  stm32l4xx_hal_rcc.o(i.HAL_RCC_GetSysClockFreq)
    i.HAL_RCC_OscConfig                      0x0800274c   Section        0  stm32l4xx_hal_rcc.o(i.HAL_RCC_OscConfig)
    i.HAL_SYSTICK_Config                     0x08002cb4   Section        0  stm32l4xx_hal_cortex.o(i.HAL_SYSTICK_Config)
    i.HAL_UART_Init                          0x08002cdc   Section        0  stm32l4xx_hal_uart.o(i.HAL_UART_Init)
    i.HAL_UART_MspInit                       0x08002d44   Section        0  stm32l4xx_hal_msp.o(i.HAL_UART_MspInit)
    i.HAL_UART_Transmit                      0x08002e20   Section        0  stm32l4xx_hal_uart.o(i.HAL_UART_Transmit)
    i.HardFault_Handler                      0x08002ed6   Section        0  stm32l4xx_it.o(i.HardFault_Handler)
    i.MX_GPIO_Init                           0x08002ed8   Section        0  main.o(i.MX_GPIO_Init)
    MX_GPIO_Init                             0x08002ed9   Thumb Code   246  main.o(i.MX_GPIO_Init)
    i.MX_USART3_UART_Init                    0x08002fe0   Section        0  main.o(i.MX_USART3_UART_Init)
    MX_USART3_UART_Init                      0x08002fe1   Thumb Code    48  main.o(i.MX_USART3_UART_Init)
    i.MemManage_Handler                      0x08003018   Section        0  stm32l4xx_it.o(i.MemManage_Handler)
    i.NMI_Handler                            0x0800301a   Section        0  stm32l4xx_it.o(i.NMI_Handler)
    i.PendSV_Handler                         0x0800301c   Section        0  stm32l4xx_it.o(i.PendSV_Handler)
    i.RCCEx_PLLSAI1_Config                   0x08003020   Section        0  stm32l4xx_hal_rcc_ex.o(i.RCCEx_PLLSAI1_Config)
    RCCEx_PLLSAI1_Config                     0x08003021   Thumb Code   278  stm32l4xx_hal_rcc_ex.o(i.RCCEx_PLLSAI1_Config)
    i.RCCEx_PLLSAI2_Config                   0x0800314c   Section        0  stm32l4xx_hal_rcc_ex.o(i.RCCEx_PLLSAI2_Config)
    RCCEx_PLLSAI2_Config                     0x0800314d   Thumb Code   250  stm32l4xx_hal_rcc_ex.o(i.RCCEx_PLLSAI2_Config)
    i.RCC_SetFlashLatencyFromMSIRange        0x08003254   Section        0  stm32l4xx_hal_rcc.o(i.RCC_SetFlashLatencyFromMSIRange)
    RCC_SetFlashLatencyFromMSIRange          0x08003255   Thumb Code   116  stm32l4xx_hal_rcc.o(i.RCC_SetFlashLatencyFromMSIRange)
    i.SVC_Handler                            0x080032d0   Section        0  stm32l4xx_it.o(i.SVC_Handler)
    i.SysTick_Handler                        0x080032d2   Section        0  stm32l4xx_it.o(i.SysTick_Handler)
    i.SystemClock_Config                     0x080032d6   Section        0  main.o(i.SystemClock_Config)
    i.SystemInit                             0x08003348   Section        0  system_stm32l4xx.o(i.SystemInit)
    i.UART_AdvFeatureConfig                  0x08003358   Section        0  stm32l4xx_hal_uart.o(i.UART_AdvFeatureConfig)
    i.UART_CheckIdleState                    0x08003420   Section        0  stm32l4xx_hal_uart.o(i.UART_CheckIdleState)
    i.UART_SetConfig                         0x0800347c   Section        0  stm32l4xx_hal_uart.o(i.UART_SetConfig)
    i.UART_WaitOnFlagUntilTimeout            0x080036c4   Section        0  stm32l4xx_hal_uart.o(i.UART_WaitOnFlagUntilTimeout)
    i.UsageFault_Handler                     0x0800378a   Section        0  stm32l4xx_it.o(i.UsageFault_Handler)
    i.__ARM_fpclassify                       0x0800378c   Section        0  fpclassify.o(i.__ARM_fpclassify)
    i.__NVIC_SetPriority                     0x080037bc   Section        0  stm32l4xx_hal_cortex.o(i.__NVIC_SetPriority)
    __NVIC_SetPriority                       0x080037bd   Thumb Code    32  stm32l4xx_hal_cortex.o(i.__NVIC_SetPriority)
    i._is_digit                              0x080037dc   Section        0  __printf_wp.o(i._is_digit)
    i.main                                   0x080037ec   Section        0  main.o(i.main)
    i.printmsg                               0x08003878   Section        0  main.o(i.printmsg)
    printmsg                                 0x08003879   Thumb Code    42  main.o(i.printmsg)
    locale$$code                             0x080038a8   Section       44  lc_numeric_c.o(locale$$code)
    locale$$code                             0x080038d4   Section       44  lc_ctype_c.o(locale$$code)
    x$fpl$fpinit                             0x08003900   Section       10  fpinit.o(x$fpl$fpinit)
    $v0                                      0x08003900   Number         0  fpinit.o(x$fpl$fpinit)
    x$fpl$printf1                            0x0800390a   Section        4  printf1.o(x$fpl$printf1)
    $v0                                      0x0800390a   Number         0  printf1.o(x$fpl$printf1)
    x$fpl$printf2                            0x0800390e   Section        4  printf2.o(x$fpl$printf2)
    $v0                                      0x0800390e   Number         0  printf2.o(x$fpl$printf2)
    x$fpl$usenofp                            0x08003912   Section        0  usenofp.o(x$fpl$usenofp)
    .constdata                               0x08003914   Section       64  system_stm32l4xx.o(.constdata)
    .constdata                               0x08003954   Section        8  system_stm32l4xx.o(.constdata)
    .constdata                               0x0800395c   Section        8  _printf_wctomb.o(.constdata)
    initial_mbstate                          0x0800395c   Data           8  _printf_wctomb.o(.constdata)
    .constdata                               0x08003964   Section       40  _printf_hex_int_ll_ptr.o(.constdata)
    uc_hextab                                0x08003964   Data          20  _printf_hex_int_ll_ptr.o(.constdata)
    lc_hextab                                0x08003978   Data          20  _printf_hex_int_ll_ptr.o(.constdata)
    .constdata                               0x0800398c   Section       17  __printf_flags_ss_wp.o(.constdata)
    maptable                                 0x0800398c   Data          17  __printf_flags_ss_wp.o(.constdata)
    .constdata                               0x0800399d   Section       38  _printf_fp_hex.o(.constdata)
    lc_hextab                                0x0800399d   Data          19  _printf_fp_hex.o(.constdata)
    uc_hextab                                0x080039b0   Data          19  _printf_fp_hex.o(.constdata)
    .constdata                               0x080039c4   Section      148  bigflt0.o(.constdata)
    tenpwrs_x                                0x080039c4   Data          60  bigflt0.o(.constdata)
    tenpwrs_i                                0x08003a00   Data          64  bigflt0.o(.constdata)
    locale$$data                             0x08003a78   Section       28  lc_numeric_c.o(locale$$data)
    __lcnum_c_name                           0x08003a7c   Data           2  lc_numeric_c.o(locale$$data)
    __lcnum_c_start                          0x08003a84   Data           0  lc_numeric_c.o(locale$$data)
    __lcnum_c_point                          0x08003a90   Data           0  lc_numeric_c.o(locale$$data)
    __lcnum_c_thousands                      0x08003a92   Data           0  lc_numeric_c.o(locale$$data)
    __lcnum_c_grouping                       0x08003a93   Data           0  lc_numeric_c.o(locale$$data)
    locale$$data                             0x08003a94   Section      272  lc_ctype_c.o(locale$$data)
    __lcnum_c_end                            0x08003a94   Data           0  lc_numeric_c.o(locale$$data)
    __lcctype_c_name                         0x08003a98   Data           2  lc_ctype_c.o(locale$$data)
    __lcctype_c_start                        0x08003aa0   Data           0  lc_ctype_c.o(locale$$data)
    __lcctype_c_end                          0x08003ba4   Data           0  lc_ctype_c.o(locale$$data)
    .data                                    0x20000000   Section      100  main.o(.data)
    .data                                    0x20000064   Section       12  stm32l4xx_hal.o(.data)
    .data                                    0x20000070   Section        4  system_stm32l4xx.o(.data)
    .bss                                     0x20000074   Section      264  main.o(.bss)
    .bss                                     0x2000017c   Section       96  libspace.o(.bss)
    HEAP                                     0x200001e0   Section      512  startup_stm32l496xx.o(HEAP)
    Heap_Mem                                 0x200001e0   Data         512  startup_stm32l496xx.o(HEAP)
    STACK                                    0x200003e0   Section     1024  startup_stm32l496xx.o(STACK)
    Stack_Mem                                0x200003e0   Data        1024  startup_stm32l496xx.o(STACK)
    __initial_sp                             0x200007e0   Data           0  startup_stm32l496xx.o(STACK)

    Global Symbols

    Symbol Name                              Value     Ov Type        Size  Object(Section)

    BuildAttributes$$THM_ISAv4$E$P$D$K$B$S$7EM$VFPi3$EXTD16$VFPS$VFMA$PE$A:L22UL41UL21$X:L11$S22US41US21$IEEE1$IW$USESV6$~STKCKD$USESV7$~SHL$OTIME$ROPI$IEEEJ$EBA8$UX$STANDARDLIB$REQ8$PRES8$EABIv2 0x00000000   Number         0  anon$$obj.o ABSOLUTE
    __ARM_use_no_argv                        0x00000000   Number         0  main.o ABSOLUTE
    _printf_flags                            0x00000000   Number         0  printf_stubs.o ABSOLUTE
    _printf_return_value                     0x00000000   Number         0  printf_stubs.o ABSOLUTE
    _printf_sizespec                         0x00000000   Number         0  printf_stubs.o ABSOLUTE
    _printf_widthprec                        0x00000000   Number         0  printf_stubs.o ABSOLUTE
    __ARM_exceptions_init                     - Undefined Weak Reference
    __alloca_initialize                       - Undefined Weak Reference
    __arm_fini_                               - Undefined Weak Reference
    __arm_preinit_                            - Undefined Weak Reference
    __cpp_initialize__aeabi_                  - Undefined Weak Reference
    __cxa_finalize                            - Undefined Weak Reference
    __sigvec_lookup                           - Undefined Weak Reference
    _atexit_init                              - Undefined Weak Reference
    _call_atexit_fns                          - Undefined Weak Reference
    _clock_init                               - Undefined Weak Reference
    _fp_trap_init                             - Undefined Weak Reference
    _fp_trap_shutdown                         - Undefined Weak Reference
    _get_lc_collate                           - Undefined Weak Reference
    _get_lc_monetary                          - Undefined Weak Reference
    _get_lc_time                              - Undefined Weak Reference
    _getenv_init                              - Undefined Weak Reference
    _handle_redirection                       - Undefined Weak Reference
    _init_alloc                               - Undefined Weak Reference
    _init_user_alloc                          - Undefined Weak Reference
    _initio                                   - Undefined Weak Reference
    _printf_mbtowc                            - Undefined Weak Reference
    _printf_wc                                - Undefined Weak Reference
    _rand_init                                - Undefined Weak Reference
    _signal_finish                            - Undefined Weak Reference
    _signal_init                              - Undefined Weak Reference
    _terminate_alloc                          - Undefined Weak Reference
    _terminate_user_alloc                     - Undefined Weak Reference
    _terminateio                              - Undefined Weak Reference
    __Vectors_Size                           0x000001ac   Number         0  startup_stm32l496xx.o ABSOLUTE
    __Vectors                                0x08000000   Data           4  startup_stm32l496xx.o(RESET)
    __Vectors_End                            0x080001ac   Data           0  startup_stm32l496xx.o(RESET)
    __main                                   0x080001ad   Thumb Code     8  __main.o(!!!main)
    __scatterload                            0x080001b5   Thumb Code     0  __scatter.o(!!!scatter)
    __scatterload_rt2                        0x080001b5   Thumb Code    44  __scatter.o(!!!scatter)
    __scatterload_rt2_thumb_only             0x080001b5   Thumb Code     0  __scatter.o(!!!scatter)
    __scatterload_null                       0x080001c3   Thumb Code     0  __scatter.o(!!!scatter)
    __scatterload_copy                       0x080001e9   Thumb Code    26  __scatter_copy.o(!!handler_copy)
    __scatterload_zeroinit                   0x08000205   Thumb Code    28  __scatter_zi.o(!!handler_zi)
    _printf_n                                0x08000221   Thumb Code     0  _printf_n.o(.ARM.Collect$$_printf_percent$$00000001)
    _printf_percent                          0x08000221   Thumb Code     0  _printf_percent.o(.ARM.Collect$$_printf_percent$$00000000)
    _printf_p                                0x08000227   Thumb Code     0  _printf_p.o(.ARM.Collect$$_printf_percent$$00000002)
    _printf_f                                0x0800022d   Thumb Code     0  _printf_f.o(.ARM.Collect$$_printf_percent$$00000003)
    _printf_e                                0x08000233   Thumb Code     0  _printf_e.o(.ARM.Collect$$_printf_percent$$00000004)
    _printf_g                                0x08000239   Thumb Code     0  _printf_g.o(.ARM.Collect$$_printf_percent$$00000005)
    _printf_a                                0x0800023f   Thumb Code     0  _printf_a.o(.ARM.Collect$$_printf_percent$$00000006)
    _printf_ll                               0x08000245   Thumb Code     0  _printf_ll.o(.ARM.Collect$$_printf_percent$$00000007)
    _printf_i                                0x0800024f   Thumb Code     0  _printf_i.o(.ARM.Collect$$_printf_percent$$00000008)
    _printf_d                                0x08000255   Thumb Code     0  _printf_d.o(.ARM.Collect$$_printf_percent$$00000009)
    _printf_u                                0x0800025b   Thumb Code     0  _printf_u.o(.ARM.Collect$$_printf_percent$$0000000A)
    _printf_o                                0x08000261   Thumb Code     0  _printf_o.o(.ARM.Collect$$_printf_percent$$0000000B)
    _printf_x                                0x08000267   Thumb Code     0  _printf_x.o(.ARM.Collect$$_printf_percent$$0000000C)
    _printf_lli                              0x0800026d   Thumb Code     0  _printf_lli.o(.ARM.Collect$$_printf_percent$$0000000D)
    _printf_lld                              0x08000273   Thumb Code     0  _printf_lld.o(.ARM.Collect$$_printf_percent$$0000000E)
    _printf_llu                              0x08000279   Thumb Code     0  _printf_llu.o(.ARM.Collect$$_printf_percent$$0000000F)
    _printf_llo                              0x0800027f   Thumb Code     0  _printf_llo.o(.ARM.Collect$$_printf_percent$$00000010)
    _printf_llx                              0x08000285   Thumb Code     0  _printf_llx.o(.ARM.Collect$$_printf_percent$$00000011)
    _printf_l                                0x0800028b   Thumb Code     0  _printf_l.o(.ARM.Collect$$_printf_percent$$00000012)
    _printf_c                                0x08000295   Thumb Code     0  _printf_c.o(.ARM.Collect$$_printf_percent$$00000013)
    _printf_s                                0x0800029b   Thumb Code     0  _printf_s.o(.ARM.Collect$$_printf_percent$$00000014)
    _printf_lc                               0x080002a1   Thumb Code     0  _printf_lc.o(.ARM.Collect$$_printf_percent$$00000015)
    _printf_ls                               0x080002a7   Thumb Code     0  _printf_ls.o(.ARM.Collect$$_printf_percent$$00000016)
    _printf_percent_end                      0x080002ad   Thumb Code     0  _printf_percent_end.o(.ARM.Collect$$_printf_percent$$00000017)
    __rt_lib_init                            0x080002b1   Thumb Code     0  libinit.o(.ARM.Collect$$libinit$$00000000)
    __rt_lib_init_fp_1                       0x080002b3   Thumb Code     0  libinit2.o(.ARM.Collect$$libinit$$00000001)
    __rt_lib_init_heap_1                     0x080002b7   Thumb Code     0  libinit2.o(.ARM.Collect$$libinit$$0000000A)
    __rt_lib_init_lc_common                  0x080002b7   Thumb Code     0  libinit2.o(.ARM.Collect$$libinit$$0000000F)
    __rt_lib_init_preinit_1                  0x080002b7   Thumb Code     0  libinit2.o(.ARM.Collect$$libinit$$00000004)
    __rt_lib_init_rand_1                     0x080002b7   Thumb Code     0  libinit2.o(.ARM.Collect$$libinit$$0000000E)
    __rt_lib_init_user_alloc_1               0x080002b7   Thumb Code     0  libinit2.o(.ARM.Collect$$libinit$$0000000C)
    __rt_lib_init_lc_collate_1               0x080002bd   Thumb Code     0  libinit2.o(.ARM.Collect$$libinit$$00000011)
    __rt_lib_init_lc_ctype_2                 0x080002bd   Thumb Code     0  libinit2.o(.ARM.Collect$$libinit$$00000012)
    __rt_lib_init_lc_ctype_1                 0x080002c9   Thumb Code     0  libinit2.o(.ARM.Collect$$libinit$$00000013)
    __rt_lib_init_lc_monetary_1              0x080002c9   Thumb Code     0  libinit2.o(.ARM.Collect$$libinit$$00000015)
    __rt_lib_init_lc_numeric_2               0x080002c9   Thumb Code     0  libinit2.o(.ARM.Collect$$libinit$$00000016)
    __rt_lib_init_alloca_1                   0x080002d3   Thumb Code     0  libinit2.o(.ARM.Collect$$libinit$$0000002E)
    __rt_lib_init_argv_1                     0x080002d3   Thumb Code     0  libinit2.o(.ARM.Collect$$libinit$$0000002C)
    __rt_lib_init_atexit_1                   0x080002d3   Thumb Code     0  libinit2.o(.ARM.Collect$$libinit$$0000001B)
    __rt_lib_init_clock_1                    0x080002d3   Thumb Code     0  libinit2.o(.ARM.Collect$$libinit$$00000021)
    __rt_lib_init_cpp_1                      0x080002d3   Thumb Code     0  libinit2.o(.ARM.Collect$$libinit$$00000032)
    __rt_lib_init_exceptions_1               0x080002d3   Thumb Code     0  libinit2.o(.ARM.Collect$$libinit$$00000030)
    __rt_lib_init_fp_trap_1                  0x080002d3   Thumb Code     0  libinit2.o(.ARM.Collect$$libinit$$0000001F)
    __rt_lib_init_getenv_1                   0x080002d3   Thumb Code     0  libinit2.o(.ARM.Collect$$libinit$$00000023)
    __rt_lib_init_lc_numeric_1               0x080002d3   Thumb Code     0  libinit2.o(.ARM.Collect$$libinit$$00000017)
    __rt_lib_init_lc_time_1                  0x080002d3   Thumb Code     0  libinit2.o(.ARM.Collect$$libinit$$00000019)
    __rt_lib_init_return                     0x080002d3   Thumb Code     0  libinit2.o(.ARM.Collect$$libinit$$00000033)
    __rt_lib_init_signal_1                   0x080002d3   Thumb Code     0  libinit2.o(.ARM.Collect$$libinit$$0000001D)
    __rt_lib_init_stdio_1                    0x080002d3   Thumb Code     0  libinit2.o(.ARM.Collect$$libinit$$00000025)
    __rt_lib_shutdown                        0x080002d5   Thumb Code     0  libshutdown.o(.ARM.Collect$$libshutdown$$00000000)
    __rt_lib_shutdown_cpp_1                  0x080002d7   Thumb Code     0  libshutdown2.o(.ARM.Collect$$libshutdown$$00000004)
    __rt_lib_shutdown_fini_1                 0x080002d7   Thumb Code     0  libshutdown2.o(.ARM.Collect$$libshutdown$$00000002)
    __rt_lib_shutdown_fp_trap_1              0x080002d7   Thumb Code     0  libshutdown2.o(.ARM.Collect$$libshutdown$$00000009)
    __rt_lib_shutdown_heap_1                 0x080002d7   Thumb Code     0  libshutdown2.o(.ARM.Collect$$libshutdown$$00000011)
    __rt_lib_shutdown_return                 0x080002d7   Thumb Code     0  libshutdown2.o(.ARM.Collect$$libshutdown$$00000012)
    __rt_lib_shutdown_signal_1               0x080002d7   Thumb Code     0  libshutdown2.o(.ARM.Collect$$libshutdown$$0000000C)
    __rt_lib_shutdown_stdio_1                0x080002d7   Thumb Code     0  libshutdown2.o(.ARM.Collect$$libshutdown$$00000006)
    __rt_lib_shutdown_user_alloc_1           0x080002d7   Thumb Code     0  libshutdown2.o(.ARM.Collect$$libshutdown$$0000000E)
    __rt_entry                               0x080002d9   Thumb Code     0  __rtentry.o(.ARM.Collect$$rtentry$$00000000)
    __rt_entry_presh_1                       0x080002d9   Thumb Code     0  __rtentry2.o(.ARM.Collect$$rtentry$$00000002)
    __rt_entry_sh                            0x080002d9   Thumb Code     0  __rtentry4.o(.ARM.Collect$$rtentry$$00000004)
    __rt_entry_li                            0x080002df   Thumb Code     0  __rtentry2.o(.ARM.Collect$$rtentry$$0000000A)
    __rt_entry_postsh_1                      0x080002df   Thumb Code     0  __rtentry2.o(.ARM.Collect$$rtentry$$00000009)
    __rt_entry_main                          0x080002e3   Thumb Code     0  __rtentry2.o(.ARM.Collect$$rtentry$$0000000D)
    __rt_entry_postli_1                      0x080002e3   Thumb Code     0  __rtentry2.o(.ARM.Collect$$rtentry$$0000000C)
    __rt_exit                                0x080002eb   Thumb Code     0  rtexit.o(.ARM.Collect$$rtexit$$00000000)
    __rt_exit_ls                             0x080002ed   Thumb Code     0  rtexit2.o(.ARM.Collect$$rtexit$$00000003)
    __rt_exit_prels_1                        0x080002ed   Thumb Code     0  rtexit2.o(.ARM.Collect$$rtexit$$00000002)
    __rt_exit_exit                           0x080002f1   Thumb Code     0  rtexit2.o(.ARM.Collect$$rtexit$$00000004)
    Reset_Handler                            0x080002f9   Thumb Code     8  startup_stm32l496xx.o(.text)
    ADC1_2_IRQHandler                        0x08000313   Thumb Code     0  startup_stm32l496xx.o(.text)
    ADC3_IRQHandler                          0x08000313   Thumb Code     0  startup_stm32l496xx.o(.text)
    CAN1_RX0_IRQHandler                      0x08000313   Thumb Code     0  startup_stm32l496xx.o(.text)
    CAN1_RX1_IRQHandler                      0x08000313   Thumb Code     0  startup_stm32l496xx.o(.text)
    CAN1_SCE_IRQHandler                      0x08000313   Thumb Code     0  startup_stm32l496xx.o(.text)
    CAN1_TX_IRQHandler                       0x08000313   Thumb Code     0  startup_stm32l496xx.o(.text)
    CAN2_RX0_IRQHandler                      0x08000313   Thumb Code     0  startup_stm32l496xx.o(.text)
    CAN2_RX1_IRQHandler                      0x08000313   Thumb Code     0  startup_stm32l496xx.o(.text)
    CAN2_SCE_IRQHandler                      0x08000313   Thumb Code     0  startup_stm32l496xx.o(.text)
    CAN2_TX_IRQHandler                       0x08000313   Thumb Code     0  startup_stm32l496xx.o(.text)
    COMP_IRQHandler                          0x08000313   Thumb Code     0  startup_stm32l496xx.o(.text)
    CRS_IRQHandler                           0x08000313   Thumb Code     0  startup_stm32l496xx.o(.text)
    DCMI_IRQHandler                          0x08000313   Thumb Code     0  startup_stm32l496xx.o(.text)
    DFSDM1_FLT0_IRQHandler                   0x08000313   Thumb Code     0  startup_stm32l496xx.o(.text)
    DFSDM1_FLT1_IRQHandler                   0x08000313   Thumb Code     0  startup_stm32l496xx.o(.text)
    DFSDM1_FLT2_IRQHandler                   0x08000313   Thumb Code     0  startup_stm32l496xx.o(.text)
    DFSDM1_FLT3_IRQHandler                   0x08000313   Thumb Code     0  startup_stm32l496xx.o(.text)
    DMA1_Channel1_IRQHandler                 0x08000313   Thumb Code     0  startup_stm32l496xx.o(.text)
    DMA1_Channel2_IRQHandler                 0x08000313   Thumb Code     0  startup_stm32l496xx.o(.text)
    DMA1_Channel3_IRQHandler                 0x08000313   Thumb Code     0  startup_stm32l496xx.o(.text)
    DMA1_Channel4_IRQHandler                 0x08000313   Thumb Code     0  startup_stm32l496xx.o(.text)
    DMA1_Channel5_IRQHandler                 0x08000313   Thumb Code     0  startup_stm32l496xx.o(.text)
    DMA1_Channel6_IRQHandler                 0x08000313   Thumb Code     0  startup_stm32l496xx.o(.text)
    DMA1_Channel7_IRQHandler                 0x08000313   Thumb Code     0  startup_stm32l496xx.o(.text)
    DMA2D_IRQHandler                         0x08000313   Thumb Code     0  startup_stm32l496xx.o(.text)
    DMA2_Channel1_IRQHandler                 0x08000313   Thumb Code     0  startup_stm32l496xx.o(.text)
    DMA2_Channel2_IRQHandler                 0x08000313   Thumb Code     0  startup_stm32l496xx.o(.text)
    DMA2_Channel3_IRQHandler                 0x08000313   Thumb Code     0  startup_stm32l496xx.o(.text)
    DMA2_Channel4_IRQHandler                 0x08000313   Thumb Code     0  startup_stm32l496xx.o(.text)
    DMA2_Channel5_IRQHandler                 0x08000313   Thumb Code     0  startup_stm32l496xx.o(.text)
    DMA2_Channel6_IRQHandler                 0x08000313   Thumb Code     0  startup_stm32l496xx.o(.text)
    DMA2_Channel7_IRQHandler                 0x08000313   Thumb Code     0  startup_stm32l496xx.o(.text)
    EXTI0_IRQHandler                         0x08000313   Thumb Code     0  startup_stm32l496xx.o(.text)
    EXTI15_10_IRQHandler                     0x08000313   Thumb Code     0  startup_stm32l496xx.o(.text)
    EXTI1_IRQHandler                         0x08000313   Thumb Code     0  startup_stm32l496xx.o(.text)
    EXTI2_IRQHandler                         0x08000313   Thumb Code     0  startup_stm32l496xx.o(.text)
    EXTI3_IRQHandler                         0x08000313   Thumb Code     0  startup_stm32l496xx.o(.text)
    EXTI4_IRQHandler                         0x08000313   Thumb Code     0  startup_stm32l496xx.o(.text)
    EXTI9_5_IRQHandler                       0x08000313   Thumb Code     0  startup_stm32l496xx.o(.text)
    FLASH_IRQHandler                         0x08000313   Thumb Code     0  startup_stm32l496xx.o(.text)
    FMC_IRQHandler                           0x08000313   Thumb Code     0  startup_stm32l496xx.o(.text)
    FPU_IRQHandler                           0x08000313   Thumb Code     0  startup_stm32l496xx.o(.text)
    I2C1_ER_IRQHandler                       0x08000313   Thumb Code     0  startup_stm32l496xx.o(.text)
    I2C1_EV_IRQHandler                       0x08000313   Thumb Code     0  startup_stm32l496xx.o(.text)
    I2C2_ER_IRQHandler                       0x08000313   Thumb Code     0  startup_stm32l496xx.o(.text)
    I2C2_EV_IRQHandler                       0x08000313   Thumb Code     0  startup_stm32l496xx.o(.text)
    I2C3_ER_IRQHandler                       0x08000313   Thumb Code     0  startup_stm32l496xx.o(.text)
    I2C3_EV_IRQHandler                       0x08000313   Thumb Code     0  startup_stm32l496xx.o(.text)
    I2C4_ER_IRQHandler                       0x08000313   Thumb Code     0  startup_stm32l496xx.o(.text)
    I2C4_EV_IRQHandler                       0x08000313   Thumb Code     0  startup_stm32l496xx.o(.text)
    LCD_IRQHandler                           0x08000313   Thumb Code     0  startup_stm32l496xx.o(.text)
    LPTIM1_IRQHandler                        0x08000313   Thumb Code     0  startup_stm32l496xx.o(.text)
    LPTIM2_IRQHandler                        0x08000313   Thumb Code     0  startup_stm32l496xx.o(.text)
    LPUART1_IRQHandler                       0x08000313   Thumb Code     0  startup_stm32l496xx.o(.text)
    OTG_FS_IRQHandler                        0x08000313   Thumb Code     0  startup_stm32l496xx.o(.text)
    PVD_PVM_IRQHandler                       0x08000313   Thumb Code     0  startup_stm32l496xx.o(.text)
    QUADSPI_IRQHandler                       0x08000313   Thumb Code     0  startup_stm32l496xx.o(.text)
    RCC_IRQHandler                           0x08000313   Thumb Code     0  startup_stm32l496xx.o(.text)
    RNG_IRQHandler                           0x08000313   Thumb Code     0  startup_stm32l496xx.o(.text)
    RTC_Alarm_IRQHandler                     0x08000313   Thumb Code     0  startup_stm32l496xx.o(.text)
    RTC_WKUP_IRQHandler                      0x08000313   Thumb Code     0  startup_stm32l496xx.o(.text)
    SAI1_IRQHandler                          0x08000313   Thumb Code     0  startup_stm32l496xx.o(.text)
    SAI2_IRQHandler                          0x08000313   Thumb Code     0  startup_stm32l496xx.o(.text)
    SDMMC1_IRQHandler                        0x08000313   Thumb Code     0  startup_stm32l496xx.o(.text)
    SPI1_IRQHandler                          0x08000313   Thumb Code     0  startup_stm32l496xx.o(.text)
    SPI2_IRQHandler                          0x08000313   Thumb Code     0  startup_stm32l496xx.o(.text)
    SPI3_IRQHandler                          0x08000313   Thumb Code     0  startup_stm32l496xx.o(.text)
    SWPMI1_IRQHandler                        0x08000313   Thumb Code     0  startup_stm32l496xx.o(.text)
    TAMP_STAMP_IRQHandler                    0x08000313   Thumb Code     0  startup_stm32l496xx.o(.text)
    TIM1_BRK_TIM15_IRQHandler                0x08000313   Thumb Code     0  startup_stm32l496xx.o(.text)
    TIM1_CC_IRQHandler                       0x08000313   Thumb Code     0  startup_stm32l496xx.o(.text)
    TIM1_TRG_COM_TIM17_IRQHandler            0x08000313   Thumb Code     0  startup_stm32l496xx.o(.text)
    TIM1_UP_TIM16_IRQHandler                 0x08000313   Thumb Code     0  startup_stm32l496xx.o(.text)
    TIM2_IRQHandler                          0x08000313   Thumb Code     0  startup_stm32l496xx.o(.text)
    TIM3_IRQHandler                          0x08000313   Thumb Code     0  startup_stm32l496xx.o(.text)
    TIM4_IRQHandler                          0x08000313   Thumb Code     0  startup_stm32l496xx.o(.text)
    TIM5_IRQHandler                          0x08000313   Thumb Code     0  startup_stm32l496xx.o(.text)
    TIM6_DAC_IRQHandler                      0x08000313   Thumb Code     0  startup_stm32l496xx.o(.text)
    TIM7_IRQHandler                          0x08000313   Thumb Code     0  startup_stm32l496xx.o(.text)
    TIM8_BRK_IRQHandler                      0x08000313   Thumb Code     0  startup_stm32l496xx.o(.text)
    TIM8_CC_IRQHandler                       0x08000313   Thumb Code     0  startup_stm32l496xx.o(.text)
    TIM8_TRG_COM_IRQHandler                  0x08000313   Thumb Code     0  startup_stm32l496xx.o(.text)
    TIM8_UP_IRQHandler                       0x08000313   Thumb Code     0  startup_stm32l496xx.o(.text)
    TSC_IRQHandler                           0x08000313   Thumb Code     0  startup_stm32l496xx.o(.text)
    UART4_IRQHandler                         0x08000313   Thumb Code     0  startup_stm32l496xx.o(.text)
    UART5_IRQHandler                         0x08000313   Thumb Code     0  startup_stm32l496xx.o(.text)
    USART1_IRQHandler                        0x08000313   Thumb Code     0  startup_stm32l496xx.o(.text)
    USART2_IRQHandler                        0x08000313   Thumb Code     0  startup_stm32l496xx.o(.text)
    USART3_IRQHandler                        0x08000313   Thumb Code     0  startup_stm32l496xx.o(.text)
    WWDG_IRQHandler                          0x08000313   Thumb Code     0  startup_stm32l496xx.o(.text)
    __user_initial_stackheap                 0x08000315   Thumb Code     0  startup_stm32l496xx.o(.text)
    __aeabi_uldivmod                         0x08000339   Thumb Code     0  lludivv7m.o(.text)
    _ll_udiv                                 0x08000339   Thumb Code   238  lludivv7m.o(.text)
    vsprintf                                 0x08000429   Thumb Code    32  vsprintf.o(.text)
    strlen                                   0x0800044d   Thumb Code    62  strlen.o(.text)
    __aeabi_memclr4                          0x0800048b   Thumb Code     0  rt_memclr_w.o(.text)
    __aeabi_memclr8                          0x0800048b   Thumb Code     0  rt_memclr_w.o(.text)
    __rt_memclr_w                            0x0800048b   Thumb Code    78  rt_memclr_w.o(.text)
    _memset_w                                0x0800048f   Thumb Code     0  rt_memclr_w.o(.text)
    __use_two_region_memory                  0x080004d9   Thumb Code     2  heapauxi.o(.text)
    __rt_heap_escrow$2region                 0x080004db   Thumb Code     2  heapauxi.o(.text)
    __rt_heap_expand$2region                 0x080004dd   Thumb Code     2  heapauxi.o(.text)
    _printf_pre_padding                      0x080004df   Thumb Code    44  _printf_pad.o(.text)
    _printf_post_padding                     0x0800050b   Thumb Code    34  _printf_pad.o(.text)
    _printf_truncate_signed                  0x0800052d   Thumb Code    18  _printf_truncate.o(.text)
    _printf_truncate_unsigned                0x0800053f   Thumb Code    18  _printf_truncate.o(.text)
    _printf_str                              0x08000551   Thumb Code    82  _printf_str.o(.text)
    _printf_int_dec                          0x080005a5   Thumb Code   104  _printf_dec.o(.text)
    _printf_charcount                        0x0800061d   Thumb Code    40  _printf_charcount.o(.text)
    _printf_char_common                      0x0800064f   Thumb Code    32  _printf_char_common.o(.text)
    _sputc                                   0x08000675   Thumb Code    10  _sputc.o(.text)
    _printf_wctomb                           0x08000681   Thumb Code   182  _printf_wctomb.o(.text)
    _printf_longlong_dec                     0x08000745   Thumb Code   108  _printf_longlong_dec.o(.text)
    _printf_longlong_oct                     0x080007c1   Thumb Code    66  _printf_oct_int_ll.o(.text)
    _printf_int_oct                          0x08000803   Thumb Code    24  _printf_oct_int_ll.o(.text)
    _printf_ll_oct                           0x0800081b   Thumb Code    12  _printf_oct_int_ll.o(.text)
    _printf_longlong_hex                     0x08000831   Thumb Code    86  _printf_hex_int_ll_ptr.o(.text)
    _printf_int_hex                          0x08000887   Thumb Code    28  _printf_hex_int_ll_ptr.o(.text)
    _printf_ll_hex                           0x080008a3   Thumb Code    12  _printf_hex_int_ll_ptr.o(.text)
    _printf_hex_ptr                          0x080008af   Thumb Code    18  _printf_hex_int_ll_ptr.o(.text)
    __printf                                 0x080008c5   Thumb Code   388  __printf_flags_ss_wp.o(.text)
    _ll_udiv10                               0x08000a53   Thumb Code   138  lludiv10.o(.text)
    _printf_int_common                       0x08000add   Thumb Code   178  _printf_intcommon.o(.text)
    __lib_sel_fp_printf                      0x08000b8f   Thumb Code     2  _printf_fp_dec.o(.text)
    _printf_fp_dec_real                      0x08000d41   Thumb Code   620  _printf_fp_dec.o(.text)
    _printf_fp_hex_real                      0x08000fb5   Thumb Code   756  _printf_fp_hex.o(.text)
    _printf_cs_common                        0x080012b7   Thumb Code    20  _printf_char.o(.text)
    _printf_char                             0x080012cb   Thumb Code    16  _printf_char.o(.text)
    _printf_string                           0x080012db   Thumb Code     8  _printf_char.o(.text)
    _printf_lcs_common                       0x080012e3   Thumb Code    20  _printf_wchar.o(.text)
    _printf_wchar                            0x080012f7   Thumb Code    16  _printf_wchar.o(.text)
    _printf_wstring                          0x08001307   Thumb Code     8  _printf_wchar.o(.text)
    _wcrtomb                                 0x0800130f   Thumb Code    64  _wcrtomb.o(.text)
    __user_setup_stackheap                   0x0800134f   Thumb Code    74  sys_stackheap_outer.o(.text)
    __rt_ctype_table                         0x08001399   Thumb Code    16  rt_ctype_table.o(.text)
    __rt_locale                              0x080013a9   Thumb Code     8  rt_locale_intlibspace.o(.text)
    _printf_fp_infnan                        0x080013b1   Thumb Code   112  _printf_fp_infnan.o(.text)
    _btod_etento                             0x08001431   Thumb Code   224  bigflt0.o(.text)
    exit                                     0x08001515   Thumb Code    18  exit.o(.text)
    __user_libspace                          0x08001529   Thumb Code     8  libspace.o(.text)
    __user_perproc_libspace                  0x08001529   Thumb Code     0  libspace.o(.text)
    __user_perthread_libspace                0x08001529   Thumb Code     0  libspace.o(.text)
    strcmp                                   0x08001531   Thumb Code   128  strcmpv7m.o(.text)
    _sys_exit                                0x080015b1   Thumb Code     8  sys_exit.o(.text)
    __I$use$semihosting                      0x080015bd   Thumb Code     0  use_no_semi.o(.text)
    __use_no_semihosting_swi                 0x080015bd   Thumb Code     2  use_no_semi.o(.text)
    __semihosting_library_function           0x080015bf   Thumb Code     0  indicate_semi.o(.text)
    _btod_d2e                                0x080015bf   Thumb Code    62  btod.o(CL$$btod_d2e)
    _d2e_denorm_low                          0x080015fd   Thumb Code    70  btod.o(CL$$btod_d2e_denorm_low)
    _d2e_norm_op1                            0x08001643   Thumb Code    96  btod.o(CL$$btod_d2e_norm_op1)
    __btod_div_common                        0x080016a3   Thumb Code   696  btod.o(CL$$btod_div_common)
    _e2e                                     0x080019db   Thumb Code   220  btod.o(CL$$btod_e2e)
    _btod_ediv                               0x08001ab7   Thumb Code    42  btod.o(CL$$btod_ediv)
    _btod_emul                               0x08001ae1   Thumb Code    42  btod.o(CL$$btod_emul)
    __btod_mult_common                       0x08001b0b   Thumb Code   580  btod.o(CL$$btod_mult_common)
    BusFault_Handler                         0x08001d4f   Thumb Code     2  stm32l4xx_it.o(i.BusFault_Handler)
    DebugMon_Handler                         0x08001d51   Thumb Code     2  stm32l4xx_it.o(i.DebugMon_Handler)
    Error_Handler                            0x08001d53   Thumb Code     4  main.o(i.Error_Handler)
    HAL_GPIO_Init                            0x08001d59   Thumb Code   552  stm32l4xx_hal_gpio.o(i.HAL_GPIO_Init)
    HAL_GPIO_WritePin                        0x08001faf   Thumb Code    10  stm32l4xx_hal_gpio.o(i.HAL_GPIO_WritePin)
    HAL_GetTick                              0x08001fb9   Thumb Code     6  stm32l4xx_hal.o(i.HAL_GetTick)
    HAL_IncTick                              0x08001fc5   Thumb Code    12  stm32l4xx_hal.o(i.HAL_IncTick)
    HAL_Init                                 0x08001fd5   Thumb Code    30  stm32l4xx_hal.o(i.HAL_Init)
    HAL_InitTick                             0x08001ff5   Thumb Code    58  stm32l4xx_hal.o(i.HAL_InitTick)
    HAL_MspInit                              0x08002039   Thumb Code    38  stm32l4xx_hal_msp.o(i.HAL_MspInit)
    HAL_NVIC_SetPriority                     0x08002065   Thumb Code    60  stm32l4xx_hal_cortex.o(i.HAL_NVIC_SetPriority)
    HAL_NVIC_SetPriorityGrouping             0x080020a5   Thumb Code    26  stm32l4xx_hal_cortex.o(i.HAL_NVIC_SetPriorityGrouping)
    HAL_PWREx_ControlVoltageScaling          0x080020c9   Thumb Code    90  stm32l4xx_hal_pwr_ex.o(i.HAL_PWREx_ControlVoltageScaling)
    HAL_PWREx_EnableVddIO2                   0x08002131   Thumb Code    12  stm32l4xx_hal_pwr_ex.o(i.HAL_PWREx_EnableVddIO2)
    HAL_PWREx_GetVoltageRange                0x08002141   Thumb Code    10  stm32l4xx_hal_pwr_ex.o(i.HAL_PWREx_GetVoltageRange)
    HAL_RCCEx_PeriphCLKConfig                0x08002151   Thumb Code   954  stm32l4xx_hal_rcc_ex.o(i.HAL_RCCEx_PeriphCLKConfig)
    HAL_RCC_ClockConfig                      0x0800251d   Thumb Code   304  stm32l4xx_hal_rcc.o(i.HAL_RCC_ClockConfig)
    HAL_RCC_GetPCLK1Freq                     0x08002661   Thumb Code    24  stm32l4xx_hal_rcc.o(i.HAL_RCC_GetPCLK1Freq)
    HAL_RCC_GetPCLK2Freq                     0x08002685   Thumb Code    24  stm32l4xx_hal_rcc.o(i.HAL_RCC_GetPCLK2Freq)
    HAL_RCC_GetSysClockFreq                  0x080026a9   Thumb Code   150  stm32l4xx_hal_rcc.o(i.HAL_RCC_GetSysClockFreq)
    HAL_RCC_OscConfig                        0x0800274d   Thumb Code  1374  stm32l4xx_hal_rcc.o(i.HAL_RCC_OscConfig)
    HAL_SYSTICK_Config                       0x08002cb5   Thumb Code    40  stm32l4xx_hal_cortex.o(i.HAL_SYSTICK_Config)
    HAL_UART_Init                            0x08002cdd   Thumb Code   102  stm32l4xx_hal_uart.o(i.HAL_UART_Init)
    HAL_UART_MspInit                         0x08002d45   Thumb Code   198  stm32l4xx_hal_msp.o(i.HAL_UART_MspInit)
    HAL_UART_Transmit                        0x08002e21   Thumb Code   182  stm32l4xx_hal_uart.o(i.HAL_UART_Transmit)
    HardFault_Handler                        0x08002ed7   Thumb Code     2  stm32l4xx_it.o(i.HardFault_Handler)
    MemManage_Handler                        0x08003019   Thumb Code     2  stm32l4xx_it.o(i.MemManage_Handler)
    NMI_Handler                              0x0800301b   Thumb Code     2  stm32l4xx_it.o(i.NMI_Handler)
    PendSV_Handler                           0x0800301d   Thumb Code     2  stm32l4xx_it.o(i.PendSV_Handler)
    SVC_Handler                              0x080032d1   Thumb Code     2  stm32l4xx_it.o(i.SVC_Handler)
    SysTick_Handler                          0x080032d3   Thumb Code     4  stm32l4xx_it.o(i.SysTick_Handler)
    SystemClock_Config                       0x080032d7   Thumb Code   114  main.o(i.SystemClock_Config)
    SystemInit                               0x08003349   Thumb Code    12  system_stm32l4xx.o(i.SystemInit)
    UART_AdvFeatureConfig                    0x08003359   Thumb Code   200  stm32l4xx_hal_uart.o(i.UART_AdvFeatureConfig)
    UART_CheckIdleState                      0x08003421   Thumb Code    92  stm32l4xx_hal_uart.o(i.UART_CheckIdleState)
    UART_SetConfig                           0x0800347d   Thumb Code   542  stm32l4xx_hal_uart.o(i.UART_SetConfig)
    UART_WaitOnFlagUntilTimeout              0x080036c5   Thumb Code   198  stm32l4xx_hal_uart.o(i.UART_WaitOnFlagUntilTimeout)
    UsageFault_Handler                       0x0800378b   Thumb Code     2  stm32l4xx_it.o(i.UsageFault_Handler)
    __ARM_fpclassify                         0x0800378d   Thumb Code    48  fpclassify.o(i.__ARM_fpclassify)
    _is_digit                                0x080037dd   Thumb Code    14  __printf_wp.o(i._is_digit)
    main                                     0x080037ed   Thumb Code   102  main.o(i.main)
    _get_lc_numeric                          0x080038a9   Thumb Code    44  lc_numeric_c.o(locale$$code)
    _get_lc_ctype                            0x080038d5   Thumb Code    44  lc_ctype_c.o(locale$$code)
    _fp_init                                 0x08003901   Thumb Code    10  fpinit.o(x$fpl$fpinit)
    __fplib_config_fpu_vfp                   0x08003909   Thumb Code     0  fpinit.o(x$fpl$fpinit)
    __fplib_config_pureend_doubles           0x08003909   Thumb Code     0  fpinit.o(x$fpl$fpinit)
    _printf_fp_dec                           0x0800390b   Thumb Code     4  printf1.o(x$fpl$printf1)
    _printf_fp_hex                           0x0800390f   Thumb Code     4  printf2.o(x$fpl$printf2)
    __I$use$fp                               0x08003912   Number         0  usenofp.o(x$fpl$usenofp)
    AHBPrescTable                            0x08003914   Data          16  system_stm32l4xx.o(.constdata)
    MSIRangeTable                            0x08003924   Data          48  system_stm32l4xx.o(.constdata)
    APBPrescTable                            0x08003954   Data           8  system_stm32l4xx.o(.constdata)
    Region$$Table$$Base                      0x08003a58   Number         0  anon$$obj.o(Region$$Table)
    Region$$Table$$Limit                     0x08003a78   Number         0  anon$$obj.o(Region$$Table)
    __ctype                                  0x08003aa1   Data           0  lc_ctype_c.o(locale$$data)
    some_data                                0x20000000   Data         100  main.o(.data)
    uwTickFreq                               0x20000064   Data           1  stm32l4xx_hal.o(.data)
    uwTickPrio                               0x20000068   Data           4  stm32l4xx_hal.o(.data)
    uwTick                                   0x2000006c   Data           4  stm32l4xx_hal.o(.data)
    SystemCoreClock                          0x20000070   Data           4  system_stm32l4xx.o(.data)
    hlpuart1                                 0x20000074   Data         132  main.o(.bss)
    huart3                                   0x200000f8   Data         132  main.o(.bss)
    __libspace_start                         0x2000017c   Data          96  libspace.o(.bss)
    __temporary_stack_top$libspace           0x200001dc   Data           0  libspace.o(.bss)



==============================================================================

Memory Map of the image

  Image Entry point : 0x080001ad

  Load Region LR_IROM1 (Base: 0x08000000, Size: 0x00003c18, Max: 0x00100000, ABSOLUTE)

    Execution Region ER_IROM1 (Exec base: 0x08000000, Load base: 0x08000000, Size: 0x00003ba4, Max: 0x00100000, ABSOLUTE)

    Exec Addr    Load Addr    Size         Type   Attr      Idx    E Section Name        Object

    0x08000000   0x08000000   0x000001ac   Data   RO            3    RESET               startup_stm32l496xx.o
    0x080001ac   0x080001ac   0x00000008   Code   RO         2878  * !!!main             c_w.l(__main.o)
    0x080001b4   0x080001b4   0x00000034   Code   RO         3211    !!!scatter          c_w.l(__scatter.o)
    0x080001e8   0x080001e8   0x0000001a   Code   RO         3213    !!handler_copy      c_w.l(__scatter_copy.o)
    0x08000202   0x08000202   0x00000002   PAD
    0x08000204   0x08000204   0x0000001c   Code   RO         3215    !!handler_zi        c_w.l(__scatter_zi.o)
    0x08000220   0x08000220   0x00000000   Code   RO         2966    .ARM.Collect$$_printf_percent$$00000000  c_w.l(_printf_percent.o)
    0x08000220   0x08000220   0x00000006   Code   RO         2955    .ARM.Collect$$_printf_percent$$00000001  c_w.l(_printf_n.o)
    0x08000226   0x08000226   0x00000006   Code   RO         2957    .ARM.Collect$$_printf_percent$$00000002  c_w.l(_printf_p.o)
    0x0800022c   0x0800022c   0x00000006   Code   RO         2962    .ARM.Collect$$_printf_percent$$00000003  c_w.l(_printf_f.o)
    0x08000232   0x08000232   0x00000006   Code   RO         2963    .ARM.Collect$$_printf_percent$$00000004  c_w.l(_printf_e.o)
    0x08000238   0x08000238   0x00000006   Code   RO         2964    .ARM.Collect$$_printf_percent$$00000005  c_w.l(_printf_g.o)
    0x0800023e   0x0800023e   0x00000006   Code   RO         2965    .ARM.Collect$$_printf_percent$$00000006  c_w.l(_printf_a.o)
    0x08000244   0x08000244   0x0000000a   Code   RO         2970    .ARM.Collect$$_printf_percent$$00000007  c_w.l(_printf_ll.o)
    0x0800024e   0x0800024e   0x00000006   Code   RO         2959    .ARM.Collect$$_printf_percent$$00000008  c_w.l(_printf_i.o)
    0x08000254   0x08000254   0x00000006   Code   RO         2960    .ARM.Collect$$_printf_percent$$00000009  c_w.l(_printf_d.o)
    0x0800025a   0x0800025a   0x00000006   Code   RO         2961    .ARM.Collect$$_printf_percent$$0000000A  c_w.l(_printf_u.o)
    0x08000260   0x08000260   0x00000006   Code   RO         2958    .ARM.Collect$$_printf_percent$$0000000B  c_w.l(_printf_o.o)
    0x08000266   0x08000266   0x00000006   Code   RO         2956    .ARM.Collect$$_printf_percent$$0000000C  c_w.l(_printf_x.o)
    0x0800026c   0x0800026c   0x00000006   Code   RO         2967    .ARM.Collect$$_printf_percent$$0000000D  c_w.l(_printf_lli.o)
    0x08000272   0x08000272   0x00000006   Code   RO         2968    .ARM.Collect$$_printf_percent$$0000000E  c_w.l(_printf_lld.o)
    0x08000278   0x08000278   0x00000006   Code   RO         2969    .ARM.Collect$$_printf_percent$$0000000F  c_w.l(_printf_llu.o)
    0x0800027e   0x0800027e   0x00000006   Code   RO         2974    .ARM.Collect$$_printf_percent$$00000010  c_w.l(_printf_llo.o)
    0x08000284   0x08000284   0x00000006   Code   RO         2975    .ARM.Collect$$_printf_percent$$00000011  c_w.l(_printf_llx.o)
    0x0800028a   0x0800028a   0x0000000a   Code   RO         2971    .ARM.Collect$$_printf_percent$$00000012  c_w.l(_printf_l.o)
    0x08000294   0x08000294   0x00000006   Code   RO         2953    .ARM.Collect$$_printf_percent$$00000013  c_w.l(_printf_c.o)
    0x0800029a   0x0800029a   0x00000006   Code   RO         2954    .ARM.Collect$$_printf_percent$$00000014  c_w.l(_printf_s.o)
    0x080002a0   0x080002a0   0x00000006   Code   RO         2972    .ARM.Collect$$_printf_percent$$00000015  c_w.l(_printf_lc.o)
    0x080002a6   0x080002a6   0x00000006   Code   RO         2973    .ARM.Collect$$_printf_percent$$00000016  c_w.l(_printf_ls.o)
    0x080002ac   0x080002ac   0x00000004   Code   RO         3016    .ARM.Collect$$_printf_percent$$00000017  c_w.l(_printf_percent_end.o)
    0x080002b0   0x080002b0   0x00000002   Code   RO         3069    .ARM.Collect$$libinit$$00000000  c_w.l(libinit.o)
    0x080002b2   0x080002b2   0x00000004   Code   RO         3091    .ARM.Collect$$libinit$$00000001  c_w.l(libinit2.o)
    0x080002b6   0x080002b6   0x00000000   Code   RO         3094    .ARM.Collect$$libinit$$00000004  c_w.l(libinit2.o)
    0x080002b6   0x080002b6   0x00000000   Code   RO         3097    .ARM.Collect$$libinit$$0000000A  c_w.l(libinit2.o)
    0x080002b6   0x080002b6   0x00000000   Code   RO         3099    .ARM.Collect$$libinit$$0000000C  c_w.l(libinit2.o)
    0x080002b6   0x080002b6   0x00000000   Code   RO         3101    .ARM.Collect$$libinit$$0000000E  c_w.l(libinit2.o)
    0x080002b6   0x080002b6   0x00000006   Code   RO         3102    .ARM.Collect$$libinit$$0000000F  c_w.l(libinit2.o)
    0x080002bc   0x080002bc   0x00000000   Code   RO         3104    .ARM.Collect$$libinit$$00000011  c_w.l(libinit2.o)
    0x080002bc   0x080002bc   0x0000000c   Code   RO         3105    .ARM.Collect$$libinit$$00000012  c_w.l(libinit2.o)
    0x080002c8   0x080002c8   0x00000000   Code   RO         3106    .ARM.Collect$$libinit$$00000013  c_w.l(libinit2.o)
    0x080002c8   0x080002c8   0x00000000   Code   RO         3108    .ARM.Collect$$libinit$$00000015  c_w.l(libinit2.o)
    0x080002c8   0x080002c8   0x0000000a   Code   RO         3109    .ARM.Collect$$libinit$$00000016  c_w.l(libinit2.o)
    0x080002d2   0x080002d2   0x00000000   Code   RO         3110    .ARM.Collect$$libinit$$00000017  c_w.l(libinit2.o)
    0x080002d2   0x080002d2   0x00000000   Code   RO         3112    .ARM.Collect$$libinit$$00000019  c_w.l(libinit2.o)
    0x080002d2   0x080002d2   0x00000000   Code   RO         3114    .ARM.Collect$$libinit$$0000001B  c_w.l(libinit2.o)
    0x080002d2   0x080002d2   0x00000000   Code   RO         3116    .ARM.Collect$$libinit$$0000001D  c_w.l(libinit2.o)
    0x080002d2   0x080002d2   0x00000000   Code   RO         3118    .ARM.Collect$$libinit$$0000001F  c_w.l(libinit2.o)
    0x080002d2   0x080002d2   0x00000000   Code   RO         3120    .ARM.Collect$$libinit$$00000021  c_w.l(libinit2.o)
    0x080002d2   0x080002d2   0x00000000   Code   RO         3122    .ARM.Collect$$libinit$$00000023  c_w.l(libinit2.o)
    0x080002d2   0x080002d2   0x00000000   Code   RO         3124    .ARM.Collect$$libinit$$00000025  c_w.l(libinit2.o)
    0x080002d2   0x080002d2   0x00000000   Code   RO         3128    .ARM.Collect$$libinit$$0000002C  c_w.l(libinit2.o)
    0x080002d2   0x080002d2   0x00000000   Code   RO         3130    .ARM.Collect$$libinit$$0000002E  c_w.l(libinit2.o)
    0x080002d2   0x080002d2   0x00000000   Code   RO         3132    .ARM.Collect$$libinit$$00000030  c_w.l(libinit2.o)
    0x080002d2   0x080002d2   0x00000000   Code   RO         3134    .ARM.Collect$$libinit$$00000032  c_w.l(libinit2.o)
    0x080002d2   0x080002d2   0x00000002   Code   RO         3135    .ARM.Collect$$libinit$$00000033  c_w.l(libinit2.o)
    0x080002d4   0x080002d4   0x00000002   Code   RO         3166    .ARM.Collect$$libshutdown$$00000000  c_w.l(libshutdown.o)
    0x080002d6   0x080002d6   0x00000000   Code   RO         3192    .ARM.Collect$$libshutdown$$00000002  c_w.l(libshutdown2.o)
    0x080002d6   0x080002d6   0x00000000   Code   RO         3194    .ARM.Collect$$libshutdown$$00000004  c_w.l(libshutdown2.o)
    0x080002d6   0x080002d6   0x00000000   Code   RO         3196    .ARM.Collect$$libshutdown$$00000006  c_w.l(libshutdown2.o)
    0x080002d6   0x080002d6   0x00000000   Code   RO         3199    .ARM.Collect$$libshutdown$$00000009  c_w.l(libshutdown2.o)
    0x080002d6   0x080002d6   0x00000000   Code   RO         3202    .ARM.Collect$$libshutdown$$0000000C  c_w.l(libshutdown2.o)
    0x080002d6   0x080002d6   0x00000000   Code   RO         3204    .ARM.Collect$$libshutdown$$0000000E  c_w.l(libshutdown2.o)
    0x080002d6   0x080002d6   0x00000000   Code   RO         3207    .ARM.Collect$$libshutdown$$00000011  c_w.l(libshutdown2.o)
    0x080002d6   0x080002d6   0x00000002   Code   RO         3208    .ARM.Collect$$libshutdown$$00000012  c_w.l(libshutdown2.o)
    0x080002d8   0x080002d8   0x00000000   Code   RO         2880    .ARM.Collect$$rtentry$$00000000  c_w.l(__rtentry.o)
    0x080002d8   0x080002d8   0x00000000   Code   RO         2985    .ARM.Collect$$rtentry$$00000002  c_w.l(__rtentry2.o)
    0x080002d8   0x080002d8   0x00000006   Code   RO         2997    .ARM.Collect$$rtentry$$00000004  c_w.l(__rtentry4.o)
    0x080002de   0x080002de   0x00000000   Code   RO         2987    .ARM.Collect$$rtentry$$00000009  c_w.l(__rtentry2.o)
    0x080002de   0x080002de   0x00000004   Code   RO         2988    .ARM.Collect$$rtentry$$0000000A  c_w.l(__rtentry2.o)
    0x080002e2   0x080002e2   0x00000000   Code   RO         2990    .ARM.Collect$$rtentry$$0000000C  c_w.l(__rtentry2.o)
    0x080002e2   0x080002e2   0x00000008   Code   RO         2991    .ARM.Collect$$rtentry$$0000000D  c_w.l(__rtentry2.o)
    0x080002ea   0x080002ea   0x00000002   Code   RO         3078    .ARM.Collect$$rtexit$$00000000  c_w.l(rtexit.o)
    0x080002ec   0x080002ec   0x00000000   Code   RO         3139    .ARM.Collect$$rtexit$$00000002  c_w.l(rtexit2.o)
    0x080002ec   0x080002ec   0x00000004   Code   RO         3140    .ARM.Collect$$rtexit$$00000003  c_w.l(rtexit2.o)
    0x080002f0   0x080002f0   0x00000006   Code   RO         3141    .ARM.Collect$$rtexit$$00000004  c_w.l(rtexit2.o)
    0x080002f6   0x080002f6   0x00000002   PAD
    0x080002f8   0x080002f8   0x00000040   Code   RO            4    .text               startup_stm32l496xx.o
    0x08000338   0x08000338   0x000000ee   Code   RO         2868    .text               c_w.l(lludivv7m.o)
    0x08000426   0x08000426   0x00000002   PAD
    0x08000428   0x08000428   0x00000024   Code   RO         2870    .text               c_w.l(vsprintf.o)
    0x0800044c   0x0800044c   0x0000003e   Code   RO         2872    .text               c_w.l(strlen.o)
    0x0800048a   0x0800048a   0x0000004e   Code   RO         2874    .text               c_w.l(rt_memclr_w.o)
    0x080004d8   0x080004d8   0x00000006   Code   RO         2876    .text               c_w.l(heapauxi.o)
    0x080004de   0x080004de   0x0000004e   Code   RO         2887    .text               c_w.l(_printf_pad.o)
    0x0800052c   0x0800052c   0x00000024   Code   RO         2889    .text               c_w.l(_printf_truncate.o)
    0x08000550   0x08000550   0x00000052   Code   RO         2891    .text               c_w.l(_printf_str.o)
    0x080005a2   0x080005a2   0x00000002   PAD
    0x080005a4   0x080005a4   0x00000078   Code   RO         2893    .text               c_w.l(_printf_dec.o)
    0x0800061c   0x0800061c   0x00000028   Code   RO         2895    .text               c_w.l(_printf_charcount.o)
    0x08000644   0x08000644   0x00000030   Code   RO         2897    .text               c_w.l(_printf_char_common.o)
    0x08000674   0x08000674   0x0000000a   Code   RO         2899    .text               c_w.l(_sputc.o)
    0x0800067e   0x0800067e   0x00000002   PAD
    0x08000680   0x08000680   0x000000c2   Code   RO         2901    .text               c_w.l(_printf_wctomb.o)
    0x08000742   0x08000742   0x00000002   PAD
    0x08000744   0x08000744   0x0000007c   Code   RO         2904    .text               c_w.l(_printf_longlong_dec.o)
    0x080007c0   0x080007c0   0x00000070   Code   RO         2910    .text               c_w.l(_printf_oct_int_ll.o)
    0x08000830   0x08000830   0x00000094   Code   RO         2930    .text               c_w.l(_printf_hex_int_ll_ptr.o)
    0x080008c4   0x080008c4   0x0000018e   Code   RO         2950    .text               c_w.l(__printf_flags_ss_wp.o)
    0x08000a52   0x08000a52   0x0000008a   Code   RO         3001    .text               c_w.l(lludiv10.o)
    0x08000adc   0x08000adc   0x000000b2   Code   RO         3003    .text               c_w.l(_printf_intcommon.o)
    0x08000b8e   0x08000b8e   0x00000424   Code   RO         3005    .text               c_w.l(_printf_fp_dec.o)
    0x08000fb2   0x08000fb2   0x00000002   PAD
    0x08000fb4   0x08000fb4   0x00000302   Code   RO         3007    .text               c_w.l(_printf_fp_hex.o)
    0x080012b6   0x080012b6   0x0000002c   Code   RO         3012    .text               c_w.l(_printf_char.o)
    0x080012e2   0x080012e2   0x0000002c   Code   RO         3014    .text               c_w.l(_printf_wchar.o)
    0x0800130e   0x0800130e   0x00000040   Code   RO         3017    .text               c_w.l(_wcrtomb.o)
    0x0800134e   0x0800134e   0x0000004a   Code   RO         3019    .text               c_w.l(sys_stackheap_outer.o)
    0x08001398   0x08001398   0x00000010   Code   RO         3021    .text               c_w.l(rt_ctype_table.o)
    0x080013a8   0x080013a8   0x00000008   Code   RO         3026    .text               c_w.l(rt_locale_intlibspace.o)
    0x080013b0   0x080013b0   0x00000080   Code   RO         3028    .text               c_w.l(_printf_fp_infnan.o)
    0x08001430   0x08001430   0x000000e4   Code   RO         3030    .text               c_w.l(bigflt0.o)
    0x08001514   0x08001514   0x00000012   Code   RO         3058    .text               c_w.l(exit.o)
    0x08001526   0x08001526   0x00000002   PAD
    0x08001528   0x08001528   0x00000008   Code   RO         3075    .text               c_w.l(libspace.o)
    0x08001530   0x08001530   0x00000080   Code   RO         3089    .text               c_w.l(strcmpv7m.o)
    0x080015b0   0x080015b0   0x0000000c   Code   RO         3136    .text               c_w.l(sys_exit.o)
    0x080015bc   0x080015bc   0x00000002   Code   RO         3155    .text               c_w.l(use_no_semi.o)
    0x080015be   0x080015be   0x00000000   Code   RO         3157    .text               c_w.l(indicate_semi.o)
    0x080015be   0x080015be   0x0000003e   Code   RO         3033    CL$$btod_d2e        c_w.l(btod.o)
    0x080015fc   0x080015fc   0x00000046   Code   RO         3035    CL$$btod_d2e_denorm_low  c_w.l(btod.o)
    0x08001642   0x08001642   0x00000060   Code   RO         3034    CL$$btod_d2e_norm_op1  c_w.l(btod.o)
    0x080016a2   0x080016a2   0x00000338   Code   RO         3043    CL$$btod_div_common  c_w.l(btod.o)
    0x080019da   0x080019da   0x000000dc   Code   RO         3040    CL$$btod_e2e        c_w.l(btod.o)
    0x08001ab6   0x08001ab6   0x0000002a   Code   RO         3037    CL$$btod_ediv       c_w.l(btod.o)
    0x08001ae0   0x08001ae0   0x0000002a   Code   RO         3036    CL$$btod_emul       c_w.l(btod.o)
    0x08001b0a   0x08001b0a   0x00000244   Code   RO         3042    CL$$btod_mult_common  c_w.l(btod.o)
    0x08001d4e   0x08001d4e   0x00000002   Code   RO          176    i.BusFault_Handler  stm32l4xx_it.o
    0x08001d50   0x08001d50   0x00000002   Code   RO          177    i.DebugMon_Handler  stm32l4xx_it.o
    0x08001d52   0x08001d52   0x00000004   Code   RO           13    i.Error_Handler     main.o
    0x08001d56   0x08001d56   0x00000002   PAD
    0x08001d58   0x08001d58   0x00000256   Code   RO         2046    i.HAL_GPIO_Init     stm32l4xx_hal_gpio.o
    0x08001fae   0x08001fae   0x0000000a   Code   RO         2050    i.HAL_GPIO_WritePin  stm32l4xx_hal_gpio.o
    0x08001fb8   0x08001fb8   0x0000000c   Code   RO          774    i.HAL_GetTick       stm32l4xx_hal.o
    0x08001fc4   0x08001fc4   0x00000010   Code   RO          780    i.HAL_IncTick       stm32l4xx_hal.o
    0x08001fd4   0x08001fd4   0x0000001e   Code   RO          781    i.HAL_Init          stm32l4xx_hal.o
    0x08001ff2   0x08001ff2   0x00000002   PAD
    0x08001ff4   0x08001ff4   0x00000044   Code   RO          782    i.HAL_InitTick      stm32l4xx_hal.o
    0x08002038   0x08002038   0x0000002c   Code   RO          251    i.HAL_MspInit       stm32l4xx_hal_msp.o
    0x08002064   0x08002064   0x00000040   Code   RO         2599    i.HAL_NVIC_SetPriority  stm32l4xx_hal_cortex.o
    0x080020a4   0x080020a4   0x00000024   Code   RO         2600    i.HAL_NVIC_SetPriorityGrouping  stm32l4xx_hal_cortex.o
    0x080020c8   0x080020c8   0x00000068   Code   RO         2337    i.HAL_PWREx_ControlVoltageScaling  stm32l4xx_hal_pwr_ex.o
    0x08002130   0x08002130   0x00000010   Code   RO         2362    i.HAL_PWREx_EnableVddIO2  stm32l4xx_hal_pwr_ex.o
    0x08002140   0x08002140   0x00000010   Code   RO         2368    i.HAL_PWREx_GetVoltageRange  stm32l4xx_hal_pwr_ex.o
    0x08002150   0x08002150   0x000003ca   Code   RO         1654    i.HAL_RCCEx_PeriphCLKConfig  stm32l4xx_hal_rcc_ex.o
    0x0800251a   0x0800251a   0x00000002   PAD
    0x0800251c   0x0800251c   0x00000144   Code   RO         1524    i.HAL_RCC_ClockConfig  stm32l4xx_hal_rcc.o
    0x08002660   0x08002660   0x00000024   Code   RO         1530    i.HAL_RCC_GetPCLK1Freq  stm32l4xx_hal_rcc.o
    0x08002684   0x08002684   0x00000024   Code   RO         1531    i.HAL_RCC_GetPCLK2Freq  stm32l4xx_hal_rcc.o
    0x080026a8   0x080026a8   0x000000a4   Code   RO         1533    i.HAL_RCC_GetSysClockFreq  stm32l4xx_hal_rcc.o
    0x0800274c   0x0800274c   0x00000568   Code   RO         1536    i.HAL_RCC_OscConfig  stm32l4xx_hal_rcc.o
    0x08002cb4   0x08002cb4   0x00000028   Code   RO         2604    i.HAL_SYSTICK_Config  stm32l4xx_hal_cortex.o
    0x08002cdc   0x08002cdc   0x00000066   Code   RO          316    i.HAL_UART_Init     stm32l4xx_hal_uart.o
    0x08002d42   0x08002d42   0x00000002   PAD
    0x08002d44   0x08002d44   0x000000dc   Code   RO          253    i.HAL_UART_MspInit  stm32l4xx_hal_msp.o
    0x08002e20   0x08002e20   0x000000b6   Code   RO          325    i.HAL_UART_Transmit  stm32l4xx_hal_uart.o
    0x08002ed6   0x08002ed6   0x00000002   Code   RO          178    i.HardFault_Handler  stm32l4xx_it.o
    0x08002ed8   0x08002ed8   0x00000108   Code   RO           14    i.MX_GPIO_Init      main.o
    0x08002fe0   0x08002fe0   0x00000038   Code   RO           15    i.MX_USART3_UART_Init  main.o
    0x08003018   0x08003018   0x00000002   Code   RO          179    i.MemManage_Handler  stm32l4xx_it.o
    0x0800301a   0x0800301a   0x00000002   Code   RO          180    i.NMI_Handler       stm32l4xx_it.o
    0x0800301c   0x0800301c   0x00000002   Code   RO          181    i.PendSV_Handler    stm32l4xx_it.o
    0x0800301e   0x0800301e   0x00000002   PAD
    0x08003020   0x08003020   0x0000012c   Code   RO         1658    i.RCCEx_PLLSAI1_Config  stm32l4xx_hal_rcc_ex.o
    0x0800314c   0x0800314c   0x00000108   Code   RO         1659    i.RCCEx_PLLSAI2_Config  stm32l4xx_hal_rcc_ex.o
    0x08003254   0x08003254   0x0000007c   Code   RO         1537    i.RCC_SetFlashLatencyFromMSIRange  stm32l4xx_hal_rcc.o
    0x080032d0   0x080032d0   0x00000002   Code   RO          182    i.SVC_Handler       stm32l4xx_it.o
    0x080032d2   0x080032d2   0x00000004   Code   RO          183    i.SysTick_Handler   stm32l4xx_it.o
    0x080032d6   0x080032d6   0x00000072   Code   RO           16    i.SystemClock_Config  main.o
    0x08003348   0x08003348   0x00000010   Code   RO         2832    i.SystemInit        system_stm32l4xx.o
    0x08003358   0x08003358   0x000000c8   Code   RO          330    i.UART_AdvFeatureConfig  stm32l4xx_hal_uart.o
    0x08003420   0x08003420   0x0000005c   Code   RO          331    i.UART_CheckIdleState  stm32l4xx_hal_uart.o
    0x0800347c   0x0800347c   0x00000248   Code   RO          346    i.UART_SetConfig    stm32l4xx_hal_uart.o
    0x080036c4   0x080036c4   0x000000c6   Code   RO          351    i.UART_WaitOnFlagUntilTimeout  stm32l4xx_hal_uart.o
    0x0800378a   0x0800378a   0x00000002   Code   RO          184    i.UsageFault_Handler  stm32l4xx_it.o
    0x0800378c   0x0800378c   0x00000030   Code   RO         3073    i.__ARM_fpclassify  m_wm.l(fpclassify.o)
    0x080037bc   0x080037bc   0x00000020   Code   RO         2606    i.__NVIC_SetPriority  stm32l4xx_hal_cortex.o
    0x080037dc   0x080037dc   0x0000000e   Code   RO         2943    i._is_digit         c_w.l(__printf_wp.o)
    0x080037ea   0x080037ea   0x00000002   PAD
    0x080037ec   0x080037ec   0x0000008c   Code   RO           17    i.main              main.o
    0x08003878   0x08003878   0x00000030   Code   RO           18    i.printmsg          main.o
    0x080038a8   0x080038a8   0x0000002c   Code   RO         3056    locale$$code        c_w.l(lc_numeric_c.o)
    0x080038d4   0x080038d4   0x0000002c   Code   RO         3083    locale$$code        c_w.l(lc_ctype_c.o)
    0x08003900   0x08003900   0x0000000a   Code   RO         3151    x$fpl$fpinit        fz_wm.l(fpinit.o)
    0x0800390a   0x0800390a   0x00000004   Code   RO         2976    x$fpl$printf1       fz_wm.l(printf1.o)
    0x0800390e   0x0800390e   0x00000004   Code   RO         2978    x$fpl$printf2       fz_wm.l(printf2.o)
    0x08003912   0x08003912   0x00000000   Code   RO         3072    x$fpl$usenofp       fz_wm.l(usenofp.o)
    0x08003912   0x08003912   0x00000002   PAD
    0x08003914   0x08003914   0x00000040   Data   RO         2833    .constdata          system_stm32l4xx.o
    0x08003954   0x08003954   0x00000008   Data   RO         2834    .constdata          system_stm32l4xx.o
    0x0800395c   0x0800395c   0x00000008   Data   RO         2902    .constdata          c_w.l(_printf_wctomb.o)
    0x08003964   0x08003964   0x00000028   Data   RO         2931    .constdata          c_w.l(_printf_hex_int_ll_ptr.o)
    0x0800398c   0x0800398c   0x00000011   Data   RO         2951    .constdata          c_w.l(__printf_flags_ss_wp.o)
    0x0800399d   0x0800399d   0x00000026   Data   RO         3008    .constdata          c_w.l(_printf_fp_hex.o)
    0x080039c3   0x080039c3   0x00000001   PAD
    0x080039c4   0x080039c4   0x00000094   Data   RO         3031    .constdata          c_w.l(bigflt0.o)
    0x08003a58   0x08003a58   0x00000020   Data   RO         3209    Region$$Table       anon$$obj.o
    0x08003a78   0x08003a78   0x0000001c   Data   RO         3055    locale$$data        c_w.l(lc_numeric_c.o)
    0x08003a94   0x08003a94   0x00000110   Data   RO         3082    locale$$data        c_w.l(lc_ctype_c.o)


    Execution Region RW_IRAM2 (Exec base: 0x10000000, Load base: 0x08003c18, Size: 0x00000000, Max: 0x00010000, ABSOLUTE)

    **** No section assigned to this execution region ****


    Execution Region RW_IRAM1 (Exec base: 0x20000000, Load base: 0x08003ba4, Size: 0x000007e0, Max: 0x00040000, ABSOLUTE)

    Exec Addr    Load Addr    Size         Type   Attr      Idx    E Section Name        Object

    0x20000000   0x08003ba4   0x00000064   Data   RW           20    .data               main.o
    0x20000064   0x08003c08   0x0000000c   Data   RW          798    .data               stm32l4xx_hal.o
    0x20000070   0x08003c14   0x00000004   Data   RW         2835    .data               system_stm32l4xx.o
    0x20000074        -       0x00000108   Zero   RW           19    .bss                main.o
    0x2000017c        -       0x00000060   Zero   RW         3076    .bss                c_w.l(libspace.o)
    0x200001dc   0x08003c18   0x00000004   PAD
    0x200001e0        -       0x00000200   Zero   RW            2    HEAP                startup_stm32l496xx.o
    0x200003e0        -       0x00000400   Zero   RW            1    STACK               startup_stm32l496xx.o


==============================================================================

Image component sizes


      Code (inc. data)   RO Data    RW Data    ZI Data      Debug   Object Name

       626         70          0        100        264     856900   main.o
        64         26        428          0       1536        848   startup_stm32l496xx.o
       126         20          0         12          0      15789   stm32l4xx_hal.o
       172         14          0          0          0      33170   stm32l4xx_hal_cortex.o
       608         40          0          0          0       2324   stm32l4xx_hal_gpio.o
       264         28          0          0          0       1781   stm32l4xx_hal_msp.o
       136         24          0          0          0       1927   stm32l4xx_hal_pwr_ex.o
      2068         98          0          0          0       7020   stm32l4xx_hal_rcc.o
      1534         46          0          0          0       4020   stm32l4xx_hal_rcc_ex.o
      1358         62          0          0          0       6581   stm32l4xx_hal_uart.o
        20          0          0          0          0       4214   stm32l4xx_it.o
        16          4         72          4          0       1197   system_stm32l4xx.o

    ----------------------------------------------------------------------
      7002        432        532        116       1800     935771   Object Totals
         0          0         32          0          0          0   (incl. Generated)
        10          0          0          0          0          0   (incl. Padding)

    ----------------------------------------------------------------------

      Code (inc. data)   RO Data    RW Data    ZI Data      Debug   Library Member Name

         8          0          0          0          0         68   __main.o
       398          4         17          0          0         92   __printf_flags_ss_wp.o
        14          0          0          0          0         68   __printf_wp.o
         0          0          0          0          0          0   __rtentry.o
        12          0          0          0          0          0   __rtentry2.o
         6          0          0          0          0          0   __rtentry4.o
        52          8          0          0          0          0   __scatter.o
        26          0          0          0          0          0   __scatter_copy.o
        28          0          0          0          0          0   __scatter_zi.o
         6          0          0          0          0          0   _printf_a.o
         6          0          0          0          0          0   _printf_c.o
        44          0          0          0          0        108   _printf_char.o
        48          6          0          0          0         96   _printf_char_common.o
        40          0          0          0          0         68   _printf_charcount.o
         6          0          0          0          0          0   _printf_d.o
       120         16          0          0          0         92   _printf_dec.o
         6          0          0          0          0          0   _printf_e.o
         6          0          0          0          0          0   _printf_f.o
      1060          0          0          0          0        216   _printf_fp_dec.o
       770          8         38          0          0        100   _printf_fp_hex.o
       128         16          0          0          0         84   _printf_fp_infnan.o
         6          0          0          0          0          0   _printf_g.o
       148          4         40          0          0        160   _printf_hex_int_ll_ptr.o
         6          0          0          0          0          0   _printf_i.o
       178          0          0          0          0         88   _printf_intcommon.o
        10          0          0          0          0          0   _printf_l.o
         6          0          0          0          0          0   _printf_lc.o
        10          0          0          0          0          0   _printf_ll.o
         6          0          0          0          0          0   _printf_lld.o
         6          0          0          0          0          0   _printf_lli.o
         6          0          0          0          0          0   _printf_llo.o
         6          0          0          0          0          0   _printf_llu.o
         6          0          0          0          0          0   _printf_llx.o
       124         16          0          0          0         92   _printf_longlong_dec.o
         6          0          0          0          0          0   _printf_ls.o
         6          0          0          0          0          0   _printf_n.o
         6          0          0          0          0          0   _printf_o.o
       112         10          0          0          0        124   _printf_oct_int_ll.o
         6          0          0          0          0          0   _printf_p.o
        78          0          0          0          0        108   _printf_pad.o
         0          0          0          0          0          0   _printf_percent.o
         4          0          0          0          0          0   _printf_percent_end.o
         6          0          0          0          0          0   _printf_s.o
        82          0          0          0          0         80   _printf_str.o
        36          0          0          0          0         84   _printf_truncate.o
         6          0          0          0          0          0   _printf_u.o
        44          0          0          0          0        108   _printf_wchar.o
       194          6          8          0          0         92   _printf_wctomb.o
         6          0          0          0          0          0   _printf_x.o
        10          0          0          0          0         68   _sputc.o
        64          0          0          0          0         92   _wcrtomb.o
       228          4        148          0          0         96   bigflt0.o
      1936        128          0          0          0        672   btod.o
        18          0          0          0          0         80   exit.o
         6          0          0          0          0        152   heapauxi.o
         0          0          0          0          0          0   indicate_semi.o
        44         10        272          0          0         76   lc_ctype_c.o
        44         10         28          0          0         76   lc_numeric_c.o
         2          0          0          0          0          0   libinit.o
        34          0          0          0          0          0   libinit2.o
         2          0          0          0          0          0   libshutdown.o
         2          0          0          0          0          0   libshutdown2.o
         8          4          0          0         96         68   libspace.o
       138          0          0          0          0         80   lludiv10.o
       238          0          0          0          0        100   lludivv7m.o
        16          4          0          0          0         76   rt_ctype_table.o
         8          4          0          0          0         68   rt_locale_intlibspace.o
        78          0          0          0          0         80   rt_memclr_w.o
         2          0          0          0          0          0   rtexit.o
        10          0          0          0          0          0   rtexit2.o
       128          0          0          0          0         68   strcmpv7m.o
        62          0          0          0          0         76   strlen.o
        12          4          0          0          0         68   sys_exit.o
        74          0          0          0          0         80   sys_stackheap_outer.o
         2          0          0          0          0         68   use_no_semi.o
        36          4          0          0          0         76   vsprintf.o
        10          0          0          0          0        116   fpinit.o
         4          0          0          0          0        116   printf1.o
         4          0          0          0          0        116   printf2.o
         0          0          0          0          0          0   usenofp.o
        48          0          0          0          0        124   fpclassify.o

    ----------------------------------------------------------------------
      7182        266        552          0        100       4620   Library Totals
        20          0          1          0          4          0   (incl. Padding)

    ----------------------------------------------------------------------

      Code (inc. data)   RO Data    RW Data    ZI Data      Debug   Library Name

      7096        266        551          0         96       4148   c_w.l
        18          0          0          0          0        348   fz_wm.l
        48          0          0          0          0        124   m_wm.l

    ----------------------------------------------------------------------
      7182        266        552          0        100       4620   Library Totals

    ----------------------------------------------------------------------

==============================================================================


      Code (inc. data)   RO Data    RW Data    ZI Data      Debug   

     14184        698       1084        116       1900     934055   Grand Totals
     14184        698       1084        116       1900     934055   ELF Image Totals
     14184        698       1084        116          0          0   ROM Totals

==============================================================================

    Total RO  Size (Code + RO Data)                15268 (  14.91kB)
    Total RW  Size (RW Data + ZI Data)              2016 (   1.97kB)
    Total ROM Size (Code + RO Data + RW Data)      15384 (  15.02kB)

==============================================================================

