C:/Users/ronakkumar_sharma/Optical_Project/Drivers/STM32L4xx_HAL_Driver/Inc/stm32l4xx_ll_usart.h:693:22:LL_USART_Enable	16	static
C:/Users/ronakkumar_sharma/Optical_Project/Drivers/STM32L4xx_HAL_Driver/Inc/stm32l4xx_ll_usart.h:707:22:LL_USART_Disable	16	static
C:/Users/ronakkumar_sharma/Optical_Project/Drivers/STM32L4xx_HAL_Driver/Inc/stm32l4xx_ll_usart.h:1007:22:LL_USART_SetTransferDirection	40	static,ignoring_inline_asm
C:/Users/ronakkumar_sharma/Optical_Project/Drivers/STM32L4xx_HAL_Driver/Inc/stm32l4xx_ll_usart.h:1452:22:LL_USART_ConfigCharacter	24	static
C:/Users/ronakkumar_sharma/Optical_Project/Drivers/STM32L4xx_HAL_Driver/Inc/stm32l4xx_ll_usart.h:1988:22:LL_USART_SetBaudRate	32	static
C:/Users/ronakkumar_sharma/Optical_Project/Drivers/STM32L4xx_HAL_Driver/Inc/stm32l4xx_ll_usart.h:3187:26:LL_USART_IsActiveFlag_TXE	16	static
C:/Users/ronakkumar_sharma/Optical_Project/Drivers/STM32L4xx_HAL_Driver/Inc/stm32l4xx_ll_usart.h:4566:22:LL_USART_TransmitData8	16	static
C:/Users/ronakkumar_sharma/Optical_Project/Drivers/STM32L4xx_HAL_Driver/Inc/stm32l4xx_ll_gpio.h:285:22:LL_GPIO_SetPinMode	48	static,ignoring_inline_asm
C:/Users/ronakkumar_sharma/Optical_Project/Drivers/STM32L4xx_HAL_Driver/Inc/stm32l4xx_ll_gpio.h:645:22:LL_GPIO_SetAFPin_8_15	48	static,ignoring_inline_asm
C:/Users/ronakkumar_sharma/Optical_Project/Drivers/STM32L4xx_HAL_Driver/Inc/stm32l4xx_ll_bus.h:563:22:LL_AHB2_GRP1_EnableClock	24	static
C:/Users/ronakkumar_sharma/Optical_Project/Drivers/STM32L4xx_HAL_Driver/Inc/stm32l4xx_ll_bus.h:1673:22:LL_APB2_GRP1_EnableClock	24	static
../Src/USART1.c:11:6:uart1_init	8	static
../Src/USART1.c:36:6:uart1_write	16	static
